+-----------------------------------------------------------------------------------+
| Welcome to sakura:                                                                |
|                                                                                   |
| For questions on sakura HPC cluster, email phlam-sakura@univ-lille.fr             |
|                                                                                   |
| Documentation accessible on the WIKI page:                                        |
| ------------------------------------------                                        |
| [34mhttps://wikis.univ-lille.fr/phlam-hpc/(B[m                                            |
|                                                                                   |
| New commands to check the status of the cluster:                                  |
| ------------------------------------------------                                  |
| [31mcnodes(B[m           : to list the status of all nodes                                |
| [31mcnodes -f(B[m        : to check for free nodes                                        |
| [31mcheckjob <jobid>(B[m : to check the status of your job (especially when not running ! |
| [31mshowstart <jobid>(B[m: to check when your job is expected to start when not running ! |
| [31mcdjob <jobid>(B[m    : to move to the <jobid> directory                               |
| [31mcdtmp <jobid>(B[m    : to move to the <jobid> working directory on node               |
| [31mrmtmp <jobid>(B[m    : removing the <jobid> working directory on node                 |
|                                                                                   |
+-----------------------------------------------------------------------------------+

Loaded file  RK45_bruss_dflt_params.in
Using sparse jacobian
Iteration 0:err_abs(y)$ = 4.952e-02, T = 3.57239, p = 5
$||err_rel(y)||$ = 1.506e-02
$||Delta q||$ = 3.836e-02
$||Delata p|| $= 4.873e-02
Iteration 1:err_abs(y)$ = 3.307e-02, T = 3.53003, p = 5
$||err_rel(y)||$ = 1.002e-02
$||Delta q||$ = 3.852e-02
$||Delata p|| $= 2.699e-02
Iteration 2:err_abs(y)$ = 1.442e-02, T = 3.45466, p = 5
$||err_rel(y)||$ = 4.372e-03
$||Delta q||$ = 2.479e-04
$||Delata p|| $= 1.450e-02
Iteration 3:err_abs(y)$ = 1.676e-02, T = 3.42920, p = 5
$||err_rel(y)||$ = 5.068e-03
$||Delta q||$ = 1.495e-03
$||Delata p|| $= 1.703e-02
Iteration 4:err_abs(y)$ = 6.494e-03, T = 3.42183, p = 5
$||err_rel(y)||$ = 1.966e-03
$||Delta q||$ = 9.701e-05
$||Delata p|| $= 6.505e-03
Iteration 5:err_abs(y)$ = 1.226e-02, T = 3.43266, p = 5
$||err_rel(y)||$ = 3.714e-03
$||Delta q||$ = 3.376e-05
$||Delata p|| $= 1.225e-02
Iteration 6:err_abs(y)$ = 6.649e-03, T = 3.45175, p = 5
$||err_rel(y)||$ = 2.014e-03
$||Delta q||$ = 8.950e-05
$||Delata p|| $= 6.647e-03
Iteration 7:err_abs(y)$ = 6.349e-03, T = 3.44564, p = 5
$||err_rel(y)||$ = 1.923e-03
$||Delta q||$ = 2.253e-05
$||Delata p|| $= 6.354e-03
Iteration 8:err_abs(y)$ = 1.639e-03, T = 3.43268, p = 5
$||err_rel(y)||$ = 4.962e-04
$||Delta q||$ = 4.465e-05
$||Delata p|| $= 1.654e-03
Iteration 9:err_abs(y)$ = 1.653e-03, T = 3.43384, p = 5
$||err_rel(y)||$ = 5.006e-04
$||Delta q||$ = 6.389e-05
$||Delata p|| $= 1.654e-03
Iteration 10:err_abs(y)$ = 4.539e-04, T = 3.43448, p = 5
$||err_rel(y)||$ = 1.375e-04
$||Delta q||$ = 3.799e-06
$||Delata p|| $= 4.541e-04
Iteration 11:err_abs(y)$ = 1.973e-04, T = 3.43484, p = 5
$||err_rel(y)||$ = 5.977e-05
$||Delta q||$ = 2.284e-07
$||Delata p|| $= 1.974e-04
Precision reached within 12 iterations
Results saved to /home/diallo/Orbit-Solutions-/Results/RK45_bruss_dflt_params.in/2025-08-31/Newton_Picard_sub_proj_1024.txt
Analysis done
Running on node: phlam-s-sakura.univ-lille1.fr
MemTotal:       264626640 kB
