+-----------------------------------------------------------------------------------+
| Welcome to sakura:                                                                |
|                                                                                   |
| For questions on sakura HPC cluster, email phlam-sakura@univ-lille.fr             |
|                                                                                   |
| Documentation accessible on the WIKI page:                                        |
| ------------------------------------------                                        |
| [34mhttps://wikis.univ-lille.fr/phlam-hpc/(B[m                                            |
|                                                                                   |
| New commands to check the status of the cluster:                                  |
| ------------------------------------------------                                  |
| [31mcnodes(B[m           : to list the status of all nodes                                |
| [31mcnodes -f(B[m        : to check for free nodes                                        |
| [31mcheckjob <jobid>(B[m : to check the status of your job (especially when not running ! |
| [31mshowstart <jobid>(B[m: to check when your job is expected to start when not running ! |
| [31mcdjob <jobid>(B[m    : to move to the <jobid> directory                               |
| [31mcdtmp <jobid>(B[m    : to move to the <jobid> working directory on node               |
| [31mrmtmp <jobid>(B[m    : removing the <jobid> working directory on node                 |
|                                                                                   |
+-----------------------------------------------------------------------------------+

Loaded file  RK45_bruss_dflt_params.in
Using sparse jacobian
Iteration 0:err_abs(y)$ = 5.099e-02, T = 3.55253, p = 5
$||err_rel(y)||$ = 1.549e-02
$||Delta q||$ = 3.836e-02
$||Delata p|| $= 4.133e-02
Iteration 1:err_abs(y)$ = 3.325e-02, T = 3.51111, p = 5
$||err_rel(y)||$ = 1.008e-02
$||Delta q||$ = 3.731e-02
$||Delata p|| $= 2.329e-02
Iteration 2:err_abs(y)$ = 2.534e-02, T = 3.48099, p = 5
$||err_rel(y)||$ = 7.670e-03
$||Delta q||$ = 1.279e-03
$||Delata p|| $= 2.525e-02
Iteration 3:err_abs(y)$ = 1.134e-02, T = 3.43789, p = 5
$||err_rel(y)||$ = 3.435e-03
$||Delta q||$ = 6.907e-04
$||Delata p|| $= 1.129e-02
Iteration 4:err_abs(y)$ = 1.944e-03, T = 3.43433, p = 5
$||err_rel(y)||$ = 5.890e-04
$||Delta q||$ = 1.195e-03
$||Delata p|| $= 1.947e-03
Iteration 5:err_abs(y)$ = 6.566e-04, T = 3.43348, p = 5
$||err_rel(y)||$ = 1.989e-04
$||Delta q||$ = 6.084e-05
$||Delata p|| $= 6.602e-04
Iteration 6:err_abs(y)$ = 3.307e-04, T = 3.43442, p = 5
$||err_rel(y)||$ = 1.002e-04
$||Delta q||$ = 2.281e-06
$||Delata p|| $= 3.297e-04
Iteration 7:err_abs(y)$ = 1.419e-04, T = 3.43501, p = 5
$||err_rel(y)||$ = 4.300e-05
$||Delta q||$ = 5.073e-07
$||Delata p|| $= 1.419e-04
Precision reached within 8 iterations
Results saved to /home/diallo/Orbit-Solutions-/Results/RK45_bruss_dflt_params.in/2025-08-31/Newton_Picard_sub_proj_128.txt
Analysis done
Running on node: phlam-s-sakura.univ-lille1.fr
MemTotal:       264626640 kB
