+-----------------------------------------------------------------------------------+
| Welcome to sakura:                                                                |
|                                                                                   |
| For questions on sakura HPC cluster, email phlam-sakura@univ-lille.fr             |
|                                                                                   |
| Documentation accessible on the WIKI page:                                        |
| ------------------------------------------                                        |
| [34mhttps://wikis.univ-lille.fr/phlam-hpc/(B[m                                            |
|                                                                                   |
| New commands to check the status of the cluster:                                  |
| ------------------------------------------------                                  |
| [31mcnodes(B[m           : to list the status of all nodes                                |
| [31mcnodes -f(B[m        : to check for free nodes                                        |
| [31mcheckjob <jobid>(B[m : to check the status of your job (especially when not running ! |
| [31mshowstart <jobid>(B[m: to check when your job is expected to start when not running ! |
| [31mcdjob <jobid>(B[m    : to move to the <jobid> directory                               |
| [31mcdtmp <jobid>(B[m    : to move to the <jobid> working directory on node               |
| [31mrmtmp <jobid>(B[m    : removing the <jobid> working directory on node                 |
|                                                                                   |
+-----------------------------------------------------------------------------------+

Loaded parameters: 200
Mass at the starting point: 29.999999999999993
Results will be saved in: /home/diallo/Orbit-Solutions-/Results/mckean_vlasov_param_1.in
Computing solution for Intensity I = 1.0
_________________________________________________________________________________

Iteration 0, 
Mass = H@y_star = 29.999999999999996
alpha = -5.4063e-07
err_abs(y)$ = 3.315e-01, T = 3.03541
$|| err_rel(y) ||$ = 1.3862e-02
Precision not yet reached.
_________________________________________________________________________________

Iteration 1, 
Mass = H@y_star = 29.999999999999996
alpha = 1.3011e-09
err_abs(y)$ = 2.221e-01, T = 3.03781
$|| err_rel(y) ||$ = 9.3733e-03
Precision not yet reached.
_________________________________________________________________________________

Iteration 2, 
Mass = H@y_star = 29.99999999999999
alpha = -2.1973e-12
err_abs(y)$ = 1.449e-02, T = 3.03950
$|| err_rel(y) ||$ = 6.1167e-04
Precision not yet reached.
_________________________________________________________________________________

Iteration 3, 
Mass = H@y_star = 29.999999999999982
alpha = 3.0077e-15
err_abs(y)$ = 2.386e-03, T = 3.04067
$|| err_rel(y) ||$ = 1.0076e-04
Precision not yet reached.
_________________________________________________________________________________

Iteration 4, 
Mass = H@y_star = 30.00000000000001
alpha = -2.3045e-16
err_abs(y)$ = 1.315e-03, T = 3.04146
$|| err_rel(y) ||$ = 5.5540e-05
Precision reached within 5 iterations
#-------------------------------------------------------------# 

Running on node: phlam-s-sakura.univ-lille1.fr
MemTotal:       264626640 kB
