+-----------------------------------------------------------------------------------+
| Welcome to sakura:                                                                |
|                                                                                   |
| For questions on sakura HPC cluster, email phlam-sakura@univ-lille.fr             |
|                                                                                   |
| Documentation accessible on the WIKI page:                                        |
| ------------------------------------------                                        |
| [34mhttps://wikis.univ-lille.fr/phlam-hpc/(B[m                                            |
|                                                                                   |
| New commands to check the status of the cluster:                                  |
| ------------------------------------------------                                  |
| [31mcnodes(B[m           : to list the status of all nodes                                |
| [31mcnodes -f(B[m        : to check for free nodes                                        |
| [31mcheckjob <jobid>(B[m : to check the status of your job (especially when not running ! |
| [31mshowstart <jobid>(B[m: to check when your job is expected to start when not running ! |
| [31mcdjob <jobid>(B[m    : to move to the <jobid> directory                               |
| [31mcdtmp <jobid>(B[m    : to move to the <jobid> working directory on node               |
| [31mrmtmp <jobid>(B[m    : removing the <jobid> working directory on node                 |
|                                                                                   |
+-----------------------------------------------------------------------------------+

Loaded file  bruss_dflt_params.in
Using sparse jacobian
Iteration 0:$||\Delta y ||$ = 3.172e-01, T = 3.51611, p = 5
$||\Delta q ||$ = 2.011e-01
$||\Delata p || $= 2.453e-01
Iteration 1:$||\Delta y ||$ = 2.156e-01, T = 3.52097, p = 5
$||\Delta q ||$ = 1.795e-01
$||\Delata p || $= 1.193e-01
Iteration 2:$||\Delta y ||$ = 7.765e-02, T = 3.45249, p = 5
$||\Delta q ||$ = 1.586e-02
$||\Delata p || $= 7.601e-02
Iteration 3:$||\Delta y ||$ = 7.194e-02, T = 3.45153, p = 5
$||\Delta q ||$ = 4.836e-03
$||\Delata p || $= 7.178e-02
Iteration 4:$||\Delta y ||$ = 4.040e-02, T = 3.43547, p = 5
$||\Delta q ||$ = 1.037e-03
$||\Delata p || $= 4.039e-02
Iteration 5:$||\Delta y ||$ = 7.522e-03, T = 3.43699, p = 5
$||\Delta q ||$ = 7.674e-04
$||\Delata p || $= 7.483e-03
Iteration 6:$||\Delta y ||$ = 4.698e-03, T = 3.43568, p = 5
$||\Delta q ||$ = 2.329e-06
$||\Delata p || $= 4.698e-03
Results saved to /home/diallo/Orbit-Solutions-/Results/bruss_dflt_params.in/2025-08-18/Newton_Picard_sub_proj_64.txt
Analysis done
Running on node: phlam-s-sakura.univ-lille1.fr
MemTotal:       264626640 kB
