+-----------------------------------------------------------------------------------+
| Welcome to sakura:                                                                |
|                                                                                   |
| For questions on sakura HPC cluster, email phlam-sakura@univ-lille.fr             |
|                                                                                   |
| Documentation accessible on the WIKI page:                                        |
| ------------------------------------------                                        |
| [34mhttps://wikis.univ-lille.fr/phlam-hpc/(B[m                                            |
|                                                                                   |
| New commands to check the status of the cluster:                                  |
| ------------------------------------------------                                  |
| [31mcnodes(B[m           : to list the status of all nodes                                |
| [31mcnodes -f(B[m        : to check for free nodes                                        |
| [31mcheckjob <jobid>(B[m : to check the status of your job (especially when not running ! |
| [31mshowstart <jobid>(B[m: to check when your job is expected to start when not running ! |
| [31mcdjob <jobid>(B[m    : to move to the <jobid> directory                               |
| [31mcdtmp <jobid>(B[m    : to move to the <jobid> working directory on node               |
| [31mrmtmp <jobid>(B[m    : removing the <jobid> working directory on node                 |
|                                                                                   |
+-----------------------------------------------------------------------------------+

Loaded file  bruss_dflt_params.in
Using sparse jacobian
Iteration 0: $||\Delta y||$= 1.258e+00, T = 3.60572
Iteration 1: $||\Delta y||$= 1.172e+00, T = 3.44728
Iteration 2: $||\Delta y||$= 8.679e-02, T = 3.43504
Iteration 3: $||\Delta y||$= 5.704e-04, T = 3.43500
Iteration 4: $||\Delta y||$= 2.189e-08, T = 3.43500
Iteration 5: $||\Delta y||$= 1.088e-10, T = 3.43500
Precision reached within 6 iterations
Results saved to /home/diallo/Orbit-Solutions-/Results/bruss_dflt_params.in/2025-08-18/Newton_orbit_512.txt
Analysis done
Running on node: phlam-s-sakura.univ-lille1.fr
MemTotal:       264626640 kB
