+-----------------------------------------------------------------------------------+
| Welcome to sakura:                                                                |
|                                                                                   |
| For questions on sakura HPC cluster, email phlam-sakura@univ-lille.fr             |
|                                                                                   |
| Documentation accessible on the WIKI page:                                        |
| ------------------------------------------                                        |
| [34mhttps://wikis.univ-lille.fr/phlam-hpc/(B[m                                            |
|                                                                                   |
| New commands to check the status of the cluster:                                  |
| ------------------------------------------------                                  |
| [31mcnodes(B[m           : to list the status of all nodes                                |
| [31mcnodes -f(B[m        : to check for free nodes                                        |
| [31mcheckjob <jobid>(B[m : to check the status of your job (especially when not running ! |
| [31mshowstart <jobid>(B[m: to check when your job is expected to start when not running ! |
| [31mcdjob <jobid>(B[m    : to move to the <jobid> directory                               |
| [31mcdtmp <jobid>(B[m    : to move to the <jobid> working directory on node               |
| [31mrmtmp <jobid>(B[m    : removing the <jobid> working directory on node                 |
|                                                                                   |
+-----------------------------------------------------------------------------------+

Loaded file  bruss_dflt_params.in
Using sparse jacobian
Iteration 0:$||\Delta y ||$ = 1.827e-01, T = 3.58734, p = 5
$||\Delta q ||$ = 9.835e-02
$||\Delata p || $= 1.540e-01
Iteration 1:$||\Delta y ||$ = 1.247e-01, T = 3.52449, p = 5
$||\Delta q ||$ = 9.617e-02
$||\Delata p || $= 7.941e-02
Iteration 2:$||\Delta y ||$ = 4.458e-02, T = 3.45447, p = 5
$||\Delta q ||$ = 1.255e-03
$||\Delata p || $= 4.456e-02
Iteration 3:$||\Delta y ||$ = 1.216e-01, T = 3.43195, p = 5
$||\Delta q ||$ = 2.974e-03
$||\Delata p || $= 1.215e-01
Iteration 4:$||\Delta y ||$ = 6.333e-02, T = 3.42790, p = 5
$||\Delta q ||$ = 1.768e-03
$||\Delata p || $= 6.330e-02
Iteration 5:$||\Delta y ||$ = 2.053e-02, T = 3.41662, p = 5
$||\Delta q ||$ = 1.183e-03
$||\Delata p || $= 2.050e-02
Iteration 6:$||\Delta y ||$ = 1.444e-02, T = 3.42739, p = 5
$||\Delta q ||$ = 2.316e-04
$||\Delata p || $= 1.444e-02
Results saved to /home/diallo/Orbit-Solutions-/Results/bruss_dflt_params.in/2025-08-18/Newton_Picard_sub_proj_16.txt
Analysis done
Running on node: phlam-s-sakura.univ-lille1.fr
MemTotal:       264626640 kB
