+-----------------------------------------------------------------------------------+
| Welcome to sakura:                                                                |
|                                                                                   |
| For questions on sakura HPC cluster, email phlam-sakura@univ-lille.fr             |
|                                                                                   |
| Documentation accessible on the WIKI page:                                        |
| ------------------------------------------                                        |
| [34mhttps://wikis.univ-lille.fr/phlam-hpc/(B[m                                            |
|                                                                                   |
| New commands to check the status of the cluster:                                  |
| ------------------------------------------------                                  |
| [31mcnodes(B[m           : to list the status of all nodes                                |
| [31mcnodes -f(B[m        : to check for free nodes                                        |
| [31mcheckjob <jobid>(B[m : to check the status of your job (especially when not running ! |
| [31mshowstart <jobid>(B[m: to check when your job is expected to start when not running ! |
| [31mcdjob <jobid>(B[m    : to move to the <jobid> directory                               |
| [31mcdtmp <jobid>(B[m    : to move to the <jobid> working directory on node               |
| [31mrmtmp <jobid>(B[m    : removing the <jobid> working directory on node                 |
|                                                                                   |
+-----------------------------------------------------------------------------------+

Loaded file  bruss_dflt_params.in
Using sparse jacobian
Iteration 0:$||\Delta y ||$ = 1.386e-01, T = 3.54386, p = 5
$||\Delta q ||$ = 7.668e-02
$||\Delata p || $= 1.155e-01
Iteration 1:$||\Delta y ||$ = 1.018e-01, T = 3.49814, p = 5
$||\Delta q ||$ = 7.200e-02
$||\Delata p || $= 7.196e-02
Iteration 2:$||\Delta y ||$ = 6.349e-02, T = 3.47206, p = 5
$||\Delta q ||$ = 5.006e-03
$||\Delata p || $= 6.330e-02
Iteration 3:$||\Delta y ||$ = 1.551e-02, T = 3.42134, p = 5
$||\Delta q ||$ = 1.452e-03
$||\Delata p || $= 1.544e-02
Iteration 4:$||\Delta y ||$ = 1.246e-01, T = 3.42855, p = 5
$||\Delta q ||$ = 1.512e-03
$||\Delata p || $= 1.246e-01
Iteration 5:$||\Delta y ||$ = 3.804e-02, T = 3.50318, p = 5
$||\Delta q ||$ = 3.011e-03
$||\Delata p || $= 3.792e-02
Iteration 6:$||\Delta y ||$ = 3.404e-02, T = 3.48062, p = 5
$||\Delta q ||$ = 6.056e-04
$||\Delata p || $= 3.403e-02
Results saved to /home/diallo/Orbit-Solutions-/Results/bruss_dflt_params.in/2025-08-11/Newton_Picard_sub_proj_10.txt
Analysis done
Running on node: phlam-s-sakura.univ-lille1.fr
MemTotal:       264626640 kB
