+-----------------------------------------------------------------------------------+
| Welcome to sakura:                                                                |
|                                                                                   |
| For questions on sakura HPC cluster, email phlam-sakura@univ-lille.fr             |
|                                                                                   |
| Documentation accessible on the WIKI page:                                        |
| ------------------------------------------                                        |
| [34mhttps://wikis.univ-lille.fr/phlam-hpc/(B[m                                            |
|                                                                                   |
| New commands to check the status of the cluster:                                  |
| ------------------------------------------------                                  |
| [31mcnodes(B[m           : to list the status of all nodes                                |
| [31mcnodes -f(B[m        : to check for free nodes                                        |
| [31mcheckjob <jobid>(B[m : to check the status of your job (especially when not running ! |
| [31mshowstart <jobid>(B[m: to check when your job is expected to start when not running ! |
| [31mcdjob <jobid>(B[m    : to move to the <jobid> directory                               |
| [31mcdtmp <jobid>(B[m    : to move to the <jobid> working directory on node               |
| [31mrmtmp <jobid>(B[m    : removing the <jobid> working directory on node                 |
|                                                                                   |
+-----------------------------------------------------------------------------------+

Loaded file  bruss_dflt_params.in
Using sparse jacobian
Iteration 0:$||\Delta y ||$ = 6.379e-01, T = 3.51606, p = 5
$||\Delta q ||$ = 4.046e-01
$||\Delata p || $= 4.931e-01
Iteration 1:$||\Delta y ||$ = 4.336e-01, T = 3.52106, p = 5
$||\Delta q ||$ = 3.611e-01
$||\Delata p || $= 2.402e-01
Iteration 2:$||\Delta y ||$ = 2.007e-01, T = 3.44445, p = 5
$||\Delta q ||$ = 3.193e-02
$||\Delata p || $= 1.982e-01
Iteration 3:$||\Delta y ||$ = 4.103e-02, T = 3.43703, p = 5
$||\Delta q ||$ = 9.608e-03
$||\Delata p || $= 3.989e-02
Iteration 4:$||\Delta y ||$ = 1.939e-02, T = 3.43726, p = 5
$||\Delta q ||$ = 5.430e-04
$||\Delata p || $= 1.938e-02
Iteration 5:$||\Delta y ||$ = 9.249e-03, T = 3.43498, p = 5
$||\Delta q ||$ = 1.981e-05
$||\Delata p || $= 9.249e-03
Iteration 6:$||\Delta y ||$ = 1.845e-03, T = 3.43509, p = 5
$||\Delta q ||$ = 2.806e-05
$||\Delata p || $= 1.844e-03
Results saved to /home/diallo/Orbit-Solutions-/Results/bruss_dflt_params.in/2025-08-12/Newton_Picard_sub_proj_256.txt
Analysis done
Running on node: phlam-s-sakura.univ-lille1.fr
MemTotal:       264626640 kB
