+-----------------------------------------------------------------------------------+
| Welcome to sakura:                                                                |
|                                                                                   |
| For questions on sakura HPC cluster, email phlam-sakura@univ-lille.fr             |
|                                                                                   |
| Documentation accessible on the WIKI page:                                        |
| ------------------------------------------                                        |
| [34mhttps://wikis.univ-lille.fr/phlam-hpc/(B[m                                            |
|                                                                                   |
| New commands to check the status of the cluster:                                  |
| ------------------------------------------------                                  |
| [31mcnodes(B[m           : to list the status of all nodes                                |
| [31mcnodes -f(B[m        : to check for free nodes                                        |
| [31mcheckjob <jobid>(B[m : to check the status of your job (especially when not running ! |
| [31mshowstart <jobid>(B[m: to check when your job is expected to start when not running ! |
| [31mcdjob <jobid>(B[m    : to move to the <jobid> directory                               |
| [31mcdtmp <jobid>(B[m    : to move to the <jobid> working directory on node               |
| [31mrmtmp <jobid>(B[m    : removing the <jobid> working directory on node                 |
|                                                                                   |
+-----------------------------------------------------------------------------------+

Loaded file  bruss_dflt_params.in
Using sparse jacobian
Iteration 0: $||\Delta y||$= 2.171e-01, T = 3.60343
Iteration 1: $||\Delta y||$= 2.022e-01, T = 3.44592
Iteration 2: $||\Delta y||$= 1.504e-02, T = 3.43438
Iteration 3: $||\Delta y||$= 9.319e-05, T = 3.43434
Iteration 4: $||\Delta y||$= 3.624e-09, T = 3.43434
Iteration 5: $||\Delta y||$= 3.430e-15, T = 3.43434
Precision reached within 6 iterations
Results saved to /home/diallo/Orbit-Solutions-/Results/bruss_dflt_params.in/2025-08-05/Newton_orbit_16.txt
Analysis done
