+-----------------------------------------------------------------------------------+
| Welcome to sakura:                                                                |
|                                                                                   |
| For questions on sakura HPC cluster, email phlam-sakura@univ-lille.fr             |
|                                                                                   |
| Documentation accessible on the WIKI page:                                        |
| ------------------------------------------                                        |
| [34mhttps://wikis.univ-lille.fr/phlam-hpc/(B[m                                            |
|                                                                                   |
| New commands to check the status of the cluster:                                  |
| ------------------------------------------------                                  |
| [31mcnodes(B[m           : to list the status of all nodes                                |
| [31mcnodes -f(B[m        : to check for free nodes                                        |
| [31mcheckjob <jobid>(B[m : to check the status of your job (especially when not running ! |
| [31mshowstart <jobid>(B[m: to check when your job is expected to start when not running ! |
| [31mcdjob <jobid>(B[m    : to move to the <jobid> directory                               |
| [31mcdtmp <jobid>(B[m    : to move to the <jobid> working directory on node               |
| [31mrmtmp <jobid>(B[m    : removing the <jobid> working directory on node                 |
|                                                                                   |
+-----------------------------------------------------------------------------------+

Loaded file  notfull_subiter_bruss.in
Using sparse jacobian
Iteration 0: $||\Delta y||$= 6.272e-01, T = 3.60569
Iteration 1: $||\Delta y||$= 5.845e-01, T = 3.44726
Iteration 2: $||\Delta y||$= 4.328e-02, T = 3.43504
Iteration 3: $||\Delta y||$= 2.842e-04, T = 3.43499
Iteration 4: $||\Delta y||$= 1.091e-08, T = 3.43499
Iteration 5: $||\Delta y||$= 7.413e-11, T = 3.43499
Precision reached within 6 iterations
Results saved to /home/diallo/Orbit-Solutions-/Results/notfull_subiter_bruss.in/2025-08-05/Newton_orbit_128.txt
Analysis done
