+-----------------------------------------------------------------------------------+
| Welcome to sakura:                                                                |
|                                                                                   |
| For questions on sakura HPC cluster, email phlam-sakura@univ-lille.fr             |
|                                                                                   |
| Documentation accessible on the WIKI page:                                        |
| ------------------------------------------                                        |
| [34mhttps://wikis.univ-lille.fr/phlam-hpc/(B[m                                            |
|                                                                                   |
| New commands to check the status of the cluster:                                  |
| ------------------------------------------------                                  |
| [31mcnodes(B[m           : to list the status of all nodes                                |
| [31mcnodes -f(B[m        : to check for free nodes                                        |
| [31mcheckjob <jobid>(B[m : to check the status of your job (especially when not running ! |
| [31mshowstart <jobid>(B[m: to check when your job is expected to start when not running ! |
| [31mcdjob <jobid>(B[m    : to move to the <jobid> directory                               |
| [31mcdtmp <jobid>(B[m    : to move to the <jobid> working directory on node               |
| [31mrmtmp <jobid>(B[m    : removing the <jobid> working directory on node                 |
|                                                                                   |
+-----------------------------------------------------------------------------------+

Loaded file  notfull_subiter_bruss.in
Using sparse jacobian
Iteration 0:$||\Delta y ||$ = 1.827e-01, T = 3.58734, p = 5
$||\Delta q ||$ = 9.835e-02
$||\Delata p || $= 1.540e-01
Iteration 1:$||\Delta y ||$ = 1.373e-01, T = 3.54515, p = 5
$||\Delta q ||$ = 1.054e-01
$||\Delata p || $= 8.798e-02
Iteration 2:$||\Delta y ||$ = 4.293e-02, T = 3.47232, p = 5
$||\Delta q ||$ = 2.026e-02
$||\Delata p || $= 3.785e-02
Iteration 3:$||\Delta y ||$ = 5.056e-02, T = 3.45966, p = 5
$||\Delta q ||$ = 2.780e-02
$||\Delata p || $= 4.224e-02
Iteration 4:$||\Delta y ||$ = 1.310e-02, T = 3.43317, p = 5
$||\Delta q ||$ = 4.366e-03
$||\Delata p || $= 1.235e-02
Iteration 5:$||\Delta y ||$ = 1.133e-02, T = 3.43222, p = 5
$||\Delta q ||$ = 1.116e-03
$||\Delata p || $= 1.127e-02
Iteration 6:$||\Delta y ||$ = 2.585e-03, T = 3.43221, p = 5
$||\Delta q ||$ = 1.492e-04
$||\Delata p || $= 2.581e-03
Total time in Newton_Picard_sub_proj: 26.934195 seconds
Results saved to /home/diallo/Orbit-Solutions-/Results/notfull_subiter_bruss.in/2025-07-30_18/Newton_Picard_sub_proj_16.txt
Analysis done
