+-----------------------------------------------------------------------------------+
| Welcome to sakura:                                                                |
|                                                                                   |
| For questions on sakura HPC cluster, email phlam-sakura@univ-lille.fr             |
|                                                                                   |
| Documentation accessible on the WIKI page:                                        |
| ------------------------------------------                                        |
| [34mhttps://wikis.univ-lille.fr/phlam-hpc/(B[m                                            |
|                                                                                   |
| New commands to check the status of the cluster:                                  |
| ------------------------------------------------                                  |
| [31mcnodes(B[m           : to list the status of all nodes                                |
| [31mcnodes -f(B[m        : to check for free nodes                                        |
| [31mcheckjob <jobid>(B[m : to check the status of your job (especially when not running ! |
| [31mshowstart <jobid>(B[m: to check when your job is expected to start when not running ! |
| [31mcdjob <jobid>(B[m    : to move to the <jobid> directory                               |
| [31mcdtmp <jobid>(B[m    : to move to the <jobid> working directory on node               |
| [31mrmtmp <jobid>(B[m    : removing the <jobid> working directory on node                 |
|                                                                                   |
+-----------------------------------------------------------------------------------+

Loaded file  notfull_subiter_bruss.in
Using sparse jacobian
Iteration 0:$||\Delta y ||$ = 6.379e-01, T = 3.51606, p = 5
$||\Delta q ||$ = 4.046e-01
$||\Delata p || $= 4.931e-01
Iteration 1:$||\Delta y ||$ = 5.877e-01, T = 3.47267, p = 5
$||\Delta q ||$ = 4.084e-01
$||\Delata p || $= 4.226e-01
Iteration 2:$||\Delta y ||$ = 1.635e-01, T = 3.43455, p = 5
$||\Delta q ||$ = 8.673e-02
$||\Delata p || $= 1.386e-01
Iteration 3:$||\Delta y ||$ = 9.464e-02, T = 3.43601, p = 5
$||\Delta q ||$ = 1.084e-02
$||\Delata p || $= 9.402e-02
Iteration 4:$||\Delta y ||$ = 8.461e-03, T = 3.43313, p = 5
$||\Delta q ||$ = 2.138e-03
$||\Delata p || $= 8.187e-03
Iteration 5:$||\Delta y ||$ = 6.264e-03, T = 3.43462, p = 5
$||\Delta q ||$ = 7.014e-05
$||\Delata p || $= 6.263e-03
Iteration 6:$||\Delta y ||$ = 1.911e-02, T = 3.43462, p = 5
$||\Delta q ||$ = 2.898e-05
$||\Delata p || $= 1.911e-02
Results saved to /home/diallo/Orbit-Solutions-/Results/notfull_subiter_bruss.in/2025-08-18/Newton_Picard_sub_proj_256.txt
Analysis done
Running on node: phlam-s-sakura.univ-lille1.fr
MemTotal:       264626640 kB
