+-----------------------------------------------------------------------------------+
| Welcome to sakura:                                                                |
|                                                                                   |
| For questions on sakura HPC cluster, email phlam-sakura@univ-lille.fr             |
|                                                                                   |
| Documentation accessible on the WIKI page:                                        |
| ------------------------------------------                                        |
| [34mhttps://wikis.univ-lille.fr/phlam-hpc/(B[m                                            |
|                                                                                   |
| New commands to check the status of the cluster:                                  |
| ------------------------------------------------                                  |
| [31mcnodes(B[m           : to list the status of all nodes                                |
| [31mcnodes -f(B[m        : to check for free nodes                                        |
| [31mcheckjob <jobid>(B[m : to check the status of your job (especially when not running ! |
| [31mshowstart <jobid>(B[m: to check when your job is expected to start when not running ! |
| [31mcdjob <jobid>(B[m    : to move to the <jobid> directory                               |
| [31mcdtmp <jobid>(B[m    : to move to the <jobid> working directory on node               |
| [31mrmtmp <jobid>(B[m    : removing the <jobid> working directory on node                 |
|                                                                                   |
+-----------------------------------------------------------------------------------+

Loaded file  notfull_subiter_bruss.in
Using sparse jacobian
Iteration 0:$||\Delta y ||$ = 3.172e-01, T = 3.51611, p = 5
$||\Delta q ||$ = 2.011e-01
$||\Delata p || $= 2.453e-01
Iteration 1:$||\Delta y ||$ = 6.295e-01, T = 3.26754, p = 5
$||\Delta q ||$ = 1.993e-01
$||\Delata p || $= 5.971e-01
Iteration 2:$||\Delta y ||$ = 2.195e-01, T = 3.38837, p = 5
$||\Delta q ||$ = 5.340e-02
$||\Delata p || $= 2.129e-01
Iteration 3:$||\Delta y ||$ = 1.472e-01, T = 3.43302, p = 5
$||\Delta q ||$ = 4.680e-02
$||\Delata p || $= 1.396e-01
Iteration 4:$||\Delta y ||$ = 9.232e-02, T = 3.42987, p = 5
$||\Delta q ||$ = 1.016e-02
$||\Delata p || $= 9.176e-02
Iteration 5:$||\Delta y ||$ = 1.746e-02, T = 3.44064, p = 5
$||\Delta q ||$ = 2.273e-03
$||\Delata p || $= 1.731e-02
Iteration 6:$||\Delta y ||$ = 2.089e-02, T = 3.43988, p = 5
$||\Delta q ||$ = 2.031e-04
$||\Delata p || $= 2.089e-02
Results saved to /home/diallo/Orbit-Solutions-/Results/notfull_subiter_bruss.in/2025-08-18/Newton_Picard_sub_proj_64.txt
Analysis done
Running on node: phlam-s-sakura.univ-lille1.fr
MemTotal:       264626640 kB
