+-----------------------------------------------------------------------------------+
| Welcome to sakura:                                                                |
|                                                                                   |
| For questions on sakura HPC cluster, email phlam-sakura@univ-lille.fr             |
|                                                                                   |
| Documentation accessible on the WIKI page:                                        |
| ------------------------------------------                                        |
| [34mhttps://wikis.univ-lille.fr/phlam-hpc/(B[m                                            |
|                                                                                   |
| New commands to check the status of the cluster:                                  |
| ------------------------------------------------                                  |
| [31mcnodes(B[m           : to list the status of all nodes                                |
| [31mcnodes -f(B[m        : to check for free nodes                                        |
| [31mcheckjob <jobid>(B[m : to check the status of your job (especially when not running ! |
| [31mshowstart <jobid>(B[m: to check when your job is expected to start when not running ! |
| [31mcdjob <jobid>(B[m    : to move to the <jobid> directory                               |
| [31mcdtmp <jobid>(B[m    : to move to the <jobid> working directory on node               |
| [31mrmtmp <jobid>(B[m    : removing the <jobid> working directory on node                 |
|                                                                                   |
+-----------------------------------------------------------------------------------+

Loaded file  notfull_subiter_bruss.in
Using sparse jacobian
Iteration 0:$||\Delta y ||$ = 1.409e+00, T = 3.57239, p = 5
$||\Delta q ||$ = 8.100e-01
$||\Delata p || $= 1.153e+00
Iteration 1:$||\Delta y ||$ = 9.891e-01, T = 3.55769, p = 5
$||\Delta q ||$ = 7.498e-01
$||\Delata p || $= 6.451e-01
Iteration 2:$||\Delta y ||$ = 5.111e-01, T = 3.44732, p = 5
$||\Delta q ||$ = 1.904e-01
$||\Delata p || $= 4.743e-01
Iteration 3:$||\Delta y ||$ = 3.495e-01, T = 3.43186, p = 5
$||\Delta q ||$ = 1.977e-01
$||\Delata p || $= 2.882e-01
Iteration 4:$||\Delta y ||$ = 1.079e-01, T = 3.43225, p = 5
$||\Delta q ||$ = 4.640e-03
$||\Delata p || $= 1.078e-01
Iteration 5:$||\Delta y ||$ = 3.320e-02, T = 3.43408, p = 5
$||\Delta q ||$ = 1.102e-03
$||\Delata p || $= 3.318e-02
Iteration 6:$||\Delta y ||$ = 3.985e-02, T = 3.43376, p = 5
$||\Delta q ||$ = 1.009e-04
$||\Delata p || $= 3.985e-02
Results saved to /home/diallo/Orbit-Solutions-/Results/notfull_subiter_bruss.in/2025-08-18/Newton_Picard_sub_proj_1024.txt
Analysis done
Running on node: phlam-s-sakura.univ-lille1.fr
MemTotal:       264626640 kB
