+-----------------------------------------------------------------------------------+
| Welcome to sakura:                                                                |
|                                                                                   |
| For questions on sakura HPC cluster, email phlam-sakura@univ-lille.fr             |
|                                                                                   |
| Documentation accessible on the WIKI page:                                        |
| ------------------------------------------                                        |
| [34mhttps://wikis.univ-lille.fr/phlam-hpc/(B[m                                            |
|                                                                                   |
| New commands to check the status of the cluster:                                  |
| ------------------------------------------------                                  |
| [31mcnodes(B[m           : to list the status of all nodes                                |
| [31mcnodes -f(B[m        : to check for free nodes                                        |
| [31mcheckjob <jobid>(B[m : to check the status of your job (especially when not running ! |
| [31mshowstart <jobid>(B[m: to check when your job is expected to start when not running ! |
| [31mcdjob <jobid>(B[m    : to move to the <jobid> directory                               |
| [31mcdtmp <jobid>(B[m    : to move to the <jobid> working directory on node               |
| [31mrmtmp <jobid>(B[m    : removing the <jobid> working directory on node                 |
|                                                                                   |
+-----------------------------------------------------------------------------------+

Loaded file  notfull_subiter_bruss.in
Using sparse jacobian
Iteration 0:$||\Delta y ||$ = 9.030e-01, T = 3.51608, p = 5
$||\Delta q ||$ = 5.727e-01
$||\Delata p || $= 6.981e-01
Iteration 1:$||\Delta y ||$ = 6.035e-01, T = 3.53982, p = 5
$||\Delta q ||$ = 5.027e-01
$||\Delata p || $= 3.340e-01
Iteration 2:$||\Delta y ||$ = 3.061e-01, T = 3.47907, p = 5
$||\Delta q ||$ = 1.293e-01
$||\Delata p || $= 2.775e-01
Iteration 3:$||\Delta y ||$ = 1.989e-01, T = 3.45021, p = 5
$||\Delta q ||$ = 9.251e-02
$||\Delata p || $= 1.760e-01
Iteration 4:$||\Delta y ||$ = 5.098e-02, T = 3.43149, p = 5
$||\Delta q ||$ = 1.364e-02
$||\Delata p || $= 4.912e-02
Iteration 5:$||\Delta y ||$ = 1.767e-01, T = 3.43630, p = 5
$||\Delta q ||$ = 1.782e-03
$||\Delata p || $= 1.767e-01
Iteration 6:$||\Delta y ||$ = 5.066e-02, T = 3.43890, p = 5
$||\Delta q ||$ = 1.244e-03
$||\Delata p || $= 5.064e-02
Results saved to /home/diallo/Orbit-Solutions-/Results/notfull_subiter_bruss.in/2025-08-18/Newton_Picard_sub_proj_512.txt
Analysis done
Running on node: phlam-s-sakura.univ-lille1.fr
MemTotal:       264626640 kB
