+-----------------------------------------------------------------------------------+
| Welcome to sakura:                                                                |
|                                                                                   |
| For questions on sakura HPC cluster, email phlam-sakura@univ-lille.fr             |
|                                                                                   |
| Documentation accessible on the WIKI page:                                        |
| ------------------------------------------                                        |
| [34mhttps://wikis.univ-lille.fr/phlam-hpc/(B[m                                            |
|                                                                                   |
| New commands to check the status of the cluster:                                  |
| ------------------------------------------------                                  |
| [31mcnodes(B[m           : to list the status of all nodes                                |
| [31mcnodes -f(B[m        : to check for free nodes                                        |
| [31mcheckjob <jobid>(B[m : to check the status of your job (especially when not running ! |
| [31mshowstart <jobid>(B[m: to check when your job is expected to start when not running ! |
| [31mcdjob <jobid>(B[m    : to move to the <jobid> directory                               |
| [31mcdtmp <jobid>(B[m    : to move to the <jobid> working directory on node               |
| [31mrmtmp <jobid>(B[m    : removing the <jobid> working directory on node                 |
|                                                                                   |
+-----------------------------------------------------------------------------------+

Loaded file  notfull_subiter_bruss.in
Using sparse jacobian
Iteration 0:$||\Delta y ||$ = 4.724e-01, T = 3.55253, p = 5
$||\Delta q ||$ = 2.856e-01
$||\Delata p || $= 3.763e-01
Iteration 1:$||\Delta y ||$ = 3.289e-01, T = 3.54453, p = 5
$||\Delta q ||$ = 2.638e-01
$||\Delata p || $= 1.964e-01
Iteration 2:$||\Delta y ||$ = 1.677e-01, T = 3.48787, p = 5
$||\Delta q ||$ = 9.519e-02
$||\Delata p || $= 1.381e-01
Iteration 3:$||\Delta y ||$ = 1.560e-01, T = 3.42950, p = 5
$||\Delta q ||$ = 6.110e-02
$||\Delata p || $= 1.435e-01
Iteration 4:$||\Delta y ||$ = 6.100e-02, T = 3.42926, p = 5
$||\Delta q ||$ = 1.197e-02
$||\Delata p || $= 5.981e-02
Iteration 5:$||\Delta y ||$ = 1.570e-02, T = 3.43032, p = 5
$||\Delta q ||$ = 8.962e-04
$||\Delata p || $= 1.568e-02
Iteration 6:$||\Delta y ||$ = 9.547e-03, T = 3.43275, p = 5
$||\Delta q ||$ = 1.125e-04
$||\Delata p || $= 9.546e-03
Results saved to /home/diallo/Orbit-Solutions-/Results/notfull_subiter_bruss.in/2025-08-18/Newton_Picard_sub_proj_128.txt
Analysis done
Running on node: phlam-s-sakura.univ-lille1.fr
MemTotal:       264626640 kB
