+-----------------------------------------------------------------------------------+
| Welcome to sakura:                                                                |
|                                                                                   |
| For questions on sakura HPC cluster, email phlam-sakura@univ-lille.fr             |
|                                                                                   |
| Documentation accessible on the WIKI page:                                        |
| ------------------------------------------                                        |
| [34mhttps://wikis.univ-lille.fr/phlam-hpc/(B[m                                            |
|                                                                                   |
| New commands to check the status of the cluster:                                  |
| ------------------------------------------------                                  |
| [31mcnodes(B[m           : to list the status of all nodes                                |
| [31mcnodes -f(B[m        : to check for free nodes                                        |
| [31mcheckjob <jobid>(B[m : to check the status of your job (especially when not running ! |
| [31mshowstart <jobid>(B[m: to check when your job is expected to start when not running ! |
| [31mcdjob <jobid>(B[m    : to move to the <jobid> directory                               |
| [31mcdtmp <jobid>(B[m    : to move to the <jobid> working directory on node               |
| [31mrmtmp <jobid>(B[m    : removing the <jobid> working directory on node                 |
|                                                                                   |
+-----------------------------------------------------------------------------------+

Loaded file  p_equal_2nz_bruss.in
Using sparse jacobian
Iteration 0:$||\Delta y ||$ = 2.786e-01, T = 3.43387, p = 126
$||\Delta q ||$ = 4.301e-15
$||\Delata p || $= 2.786e-01
Iteration 1:$||\Delta y ||$ = 1.636e-01, T = 3.66042, p = 126
$||\Delta q ||$ = 3.992e-15
$||\Delata p || $= 1.636e-01
Iteration 2:$||\Delta y ||$ = 8.826e-02, T = 3.48575, p = 126
$||\Delta q ||$ = 1.252e-15
$||\Delata p || $= 8.826e-02
Iteration 3:$||\Delta y ||$ = 2.306e-01, T = 3.52515, p = 126
$||\Delta q ||$ = 2.727e-16
$||\Delata p || $= 2.306e-01
Iteration 4:$||\Delta y ||$ = 2.013e-01, T = 3.37425, p = 126
$||\Delta q ||$ = 1.243e-15
$||\Delata p || $= 2.013e-01
Iteration 5:$||\Delta y ||$ = 4.433e-02, T = 3.46846, p = 126
$||\Delta q ||$ = 1.376e-15
$||\Delata p || $= 4.433e-02
Iteration 6:$||\Delta y ||$ = 7.822e-02, T = 3.46155, p = 126
$||\Delta q ||$ = 2.560e-16
$||\Delata p || $= 7.822e-02
Results saved to /home/diallo/Orbit-Solutions-/Results/p_equal_2nz_bruss.in/2025-08-18/Newton_Picard_sub_proj_64.txt
Analysis done
Running on node: phlam-s-sakura.univ-lille1.fr
MemTotal:       264626640 kB
