+-----------------------------------------------------------------------------------+
| Welcome to sakura:                                                                |
|                                                                                   |
| For questions on sakura HPC cluster, email phlam-sakura@univ-lille.fr             |
|                                                                                   |
| Documentation accessible on the WIKI page:                                        |
| ------------------------------------------                                        |
| [34mhttps://wikis.univ-lille.fr/phlam-hpc/(B[m                                            |
|                                                                                   |
| New commands to check the status of the cluster:                                  |
| ------------------------------------------------                                  |
| [31mcnodes(B[m           : to list the status of all nodes                                |
| [31mcnodes -f(B[m        : to check for free nodes                                        |
| [31mcheckjob <jobid>(B[m : to check the status of your job (especially when not running ! |
| [31mshowstart <jobid>(B[m: to check when your job is expected to start when not running ! |
| [31mcdjob <jobid>(B[m    : to move to the <jobid> directory                               |
| [31mcdtmp <jobid>(B[m    : to move to the <jobid> working directory on node               |
| [31mrmtmp <jobid>(B[m    : removing the <jobid> working directory on node                 |
|                                                                                   |
+-----------------------------------------------------------------------------------+

Loaded file  p_equal_2nz_bruss.in
Using sparse jacobian
Iteration 0: $||\Delta y||$= 1.678e-01, T = 3.59814
Iteration 1: $||\Delta y||$= 1.564e-01, T = 3.44292
Iteration 2: $||\Delta y||$= 1.160e-02, T = 3.43291
Iteration 3: $||\Delta y||$= 6.292e-05, T = 3.43288
Iteration 4: $||\Delta y||$= 2.444e-09, T = 3.43288
Iteration 5: $||\Delta y||$= 6.713e-15, T = 3.43288
Precision reached within 6 iterations
Results saved to /home/diallo/Orbit-Solutions-/Results/p_equal_2nz_bruss.in/2025-08-11/Newton_orbit_10.txt
Analysis done
Running on node: phlam-s-sakura.univ-lille1.fr
MemTotal:       264626640 kB
