+-----------------------------------------------------------------------------------+
| Welcome to sakura:                                                                |
|                                                                                   |
| For questions on sakura HPC cluster, email phlam-sakura@univ-lille.fr             |
|                                                                                   |
| Documentation accessible on the WIKI page:                                        |
| ------------------------------------------                                        |
| [34mhttps://wikis.univ-lille.fr/phlam-hpc/(B[m                                            |
|                                                                                   |
| New commands to check the status of the cluster:                                  |
| ------------------------------------------------                                  |
| [31mcnodes(B[m           : to list the status of all nodes                                |
| [31mcnodes -f(B[m        : to check for free nodes                                        |
| [31mcheckjob <jobid>(B[m : to check the status of your job (especially when not running ! |
| [31mshowstart <jobid>(B[m: to check when your job is expected to start when not running ! |
| [31mcdjob <jobid>(B[m    : to move to the <jobid> directory                               |
| [31mcdtmp <jobid>(B[m    : to move to the <jobid> working directory on node               |
| [31mrmtmp <jobid>(B[m    : removing the <jobid> working directory on node                 |
|                                                                                   |
+-----------------------------------------------------------------------------------+

Loaded file  p_equal_2nz_bruss.in
Using sparse jacobian
Iteration 0:$||\Delta y ||$ = 1.932e-01, T = 3.47157, p = 62
$||\Delta q ||$ = 3.380e-15
$||\Delata p || $= 1.932e-01
Iteration 1:$||\Delta y ||$ = 2.368e-01, T = 3.61169, p = 62
$||\Delta q ||$ = 1.196e-15
$||\Delata p || $= 2.368e-01
Iteration 2:$||\Delta y ||$ = 6.779e-02, T = 3.45586, p = 62
$||\Delta q ||$ = 6.176e-16
$||\Delata p || $= 6.779e-02
Iteration 3:$||\Delta y ||$ = 4.214e-02, T = 3.48724, p = 62
$||\Delta q ||$ = 4.542e-17
$||\Delata p || $= 4.214e-02
Iteration 4:$||\Delta y ||$ = 1.860e-02, T = 3.43773, p = 62
$||\Delta q ||$ = 2.309e-16
$||\Delata p || $= 1.860e-02
Iteration 5:$||\Delta y ||$ = 5.124e-03, T = 3.44198, p = 62
$||\Delta q ||$ = 5.189e-18
$||\Delata p || $= 5.124e-03
Iteration 6:$||\Delta y ||$ = 2.385e-03, T = 3.43582, p = 62
$||\Delta q ||$ = 2.441e-17
$||\Delata p || $= 2.385e-03
Results saved to /home/diallo/Orbit-Solutions-/Results/p_equal_2nz_bruss.in/2025-08-18/Newton_Picard_sub_proj_32.txt
Analysis done
Running on node: phlam-s-sakura.univ-lille1.fr
MemTotal:       264626640 kB
