+-----------------------------------------------------------------------------------+
| Welcome to sakura:                                                                |
|                                                                                   |
| For questions on sakura HPC cluster, email phlam-sakura@univ-lille.fr             |
|                                                                                   |
| Documentation accessible on the WIKI page:                                        |
| ------------------------------------------                                        |
| [34mhttps://wikis.univ-lille.fr/phlam-hpc/(B[m                                            |
|                                                                                   |
| New commands to check the status of the cluster:                                  |
| ------------------------------------------------                                  |
| [31mcnodes(B[m           : to list the status of all nodes                                |
| [31mcnodes -f(B[m        : to check for free nodes                                        |
| [31mcheckjob <jobid>(B[m : to check the status of your job (especially when not running ! |
| [31mshowstart <jobid>(B[m: to check when your job is expected to start when not running ! |
| [31mcdjob <jobid>(B[m    : to move to the <jobid> directory                               |
| [31mcdtmp <jobid>(B[m    : to move to the <jobid> working directory on node               |
| [31mrmtmp <jobid>(B[m    : removing the <jobid> working directory on node                 |
|                                                                                   |
+-----------------------------------------------------------------------------------+

Loaded file  p_equal_2nz_bruss.in
Using sparse jacobian
Iteration 0:$||\Delta y ||$ = 1.557e-01, T = 3.52757, p = 18
$||\Delta q ||$ = 1.632e-15
$||\Delata p || $= 1.557e-01
Iteration 1:$||\Delta y ||$ = 1.021e-01, T = 3.54851, p = 18
$||\Delta q ||$ = 3.326e-16
$||\Delata p || $= 1.021e-01
Iteration 2:$||\Delta y ||$ = 2.651e-01, T = 3.40418, p = 18
$||\Delta q ||$ = 5.039e-16
$||\Delata p || $= 2.651e-01
Iteration 3:$||\Delta y ||$ = 2.661e-01, T = 3.20924, p = 18
$||\Delta q ||$ = 2.512e-16
$||\Delata p || $= 2.661e-01
Iteration 4:$||\Delta y ||$ = 9.597e-02, T = 3.48453, p = 18
$||\Delta q ||$ = 1.185e-15
$||\Delata p || $= 9.597e-02
Iteration 5:$||\Delta y ||$ = 6.916e-02, T = 3.56527, p = 18
$||\Delta q ||$ = 4.410e-16
$||\Delata p || $= 6.916e-02
Iteration 6:$||\Delta y ||$ = 3.510e-02, T = 3.42067, p = 18
$||\Delta q ||$ = 6.959e-16
$||\Delata p || $= 3.510e-02
Results saved to /home/diallo/Orbit-Solutions-/Results/p_equal_2nz_bruss.in/2025-08-11/Newton_Picard_sub_proj_10.txt
Analysis done
Running on node: phlam-s-sakura.univ-lille1.fr
MemTotal:       264626640 kB
