+-----------------------------------------------------------------------------------+
| Welcome to sakura:                                                                |
|                                                                                   |
| For questions on sakura HPC cluster, email phlam-sakura@univ-lille.fr             |
|                                                                                   |
| Documentation accessible on the WIKI page:                                        |
| ------------------------------------------                                        |
| [34mhttps://wikis.univ-lille.fr/phlam-hpc/(B[m                                            |
|                                                                                   |
| New commands to check the status of the cluster:                                  |
| ------------------------------------------------                                  |
| [31mcnodes(B[m           : to list the status of all nodes                                |
| [31mcnodes -f(B[m        : to check for free nodes                                        |
| [31mcheckjob <jobid>(B[m : to check the status of your job (especially when not running ! |
| [31mshowstart <jobid>(B[m: to check when your job is expected to start when not running ! |
| [31mcdjob <jobid>(B[m    : to move to the <jobid> directory                               |
| [31mcdtmp <jobid>(B[m    : to move to the <jobid> working directory on node               |
| [31mrmtmp <jobid>(B[m    : removing the <jobid> working directory on node                 |
|                                                                                   |
+-----------------------------------------------------------------------------------+

Loaded parameters: 200
Mass at the starting point: 29.999999999999993
Results will be saved in: /home/diallo/Orbit-Solutions-/Results/mckean_vlasov_param_1.in
Computing solution for Intensity I = 1.0
_________________________________________________________________________________

Iteration 0, 
Mass = H@y_star = 29.999999999999996
alpha = -5.4063e-07
err_abs(y)$ = 3.315e-01, T = 3.03541
$|| err_rel(y) ||$ = 1.3862e-02
Precision not yet reached.
_________________________________________________________________________________

Iteration 1, 
Mass = H@y_star = 29.999999999999996
alpha = 1.3011e-09
err_abs(y)$ = 2.221e-01, T = 3.03781
$|| err_rel(y) ||$ = 9.3733e-03
Precision not yet reached.
_________________________________________________________________________________

Iteration 2, 
Mass = H@y_star = 29.99999999999999
alpha = -2.1973e-12
err_abs(y)$ = 1.449e-02, T = 3.03950
$|| err_rel(y) ||$ = 6.1167e-04
Precision not yet reached.
_________________________________________________________________________________

Iteration 3, 
Mass = H@y_star = 29.999999999999982
alpha = 3.0077e-15
err_abs(y)$ = 2.386e-03, T = 3.04067
$|| err_rel(y) ||$ = 1.0076e-04
Precision not yet reached.
_________________________________________________________________________________

Iteration 4, 
Mass = H@y_star = 30.00000000000001
alpha = -2.3045e-16
err_abs(y)$ = 1.315e-03, T = 3.04146
$|| err_rel(y) ||$ = 5.5540e-05
Precision reached within 5 iterations
#-------------------------------------------------------------# 

Computing solution for Intensity I = 1.075
_________________________________________________________________________________

Iteration 0, 
Mass = H@y_star = 30.00000000000002
alpha = 4.2564e-06
err_abs(y)$ = 8.452e+00, T = 2.99889
$|| err_rel(y) ||$ = 4.2764e-01
Precision not yet reached.
_________________________________________________________________________________

Iteration 1, 
Mass = H@y_star = 30.000000000000007
alpha = 1.5253e-08
err_abs(y)$ = 3.096e+00, T = 2.99531
$|| err_rel(y) ||$ = 1.4786e-01
Precision not yet reached.
_________________________________________________________________________________

Iteration 2, 
Mass = H@y_star = 30.000000000000014
alpha = 3.9911e-11
err_abs(y)$ = 1.749e+00, T = 2.99269
$|| err_rel(y) ||$ = 8.7221e-02
Precision not yet reached.
_________________________________________________________________________________

Iteration 3, 
Mass = H@y_star = 30.000000000000007
alpha = 1.3251e-14
err_abs(y)$ = 3.788e+00, T = 2.99237
$|| err_rel(y) ||$ = 2.0742e-01
Precision not yet reached.
_________________________________________________________________________________

Iteration 4, 
Mass = H@y_star = 30.000000000000007
alpha = -7.5034e-16
err_abs(y)$ = 5.001e+00, T = 3.04019
$|| err_rel(y) ||$ = 3.2211e-01
Precision not yet reached.
_________________________________________________________________________________

Iteration 5, 
Mass = H@y_star = 30.00000000000002
alpha = -1.7434e-16
err_abs(y)$ = 2.979e+00, T = 3.03721
$|| err_rel(y) ||$ = 1.6167e-01
Precision not yet reached.
_________________________________________________________________________________

Iteration 6, 
Mass = H@y_star = 29.99999999999998
alpha = -6.2556e-15
err_abs(y)$ = 4.446e+00, T = 3.03562
$|| err_rel(y) ||$ = 2.1287e-01
Precision not yet reached.
_________________________________________________________________________________

Iteration 7, 
Mass = H@y_star = 30.00000000000003
alpha = -1.3743e-15
err_abs(y)$ = 4.494e+00, T = 3.03446
$|| err_rel(y) ||$ = 2.1723e-01
Precision not yet reached.
_________________________________________________________________________________

Iteration 8, 
Mass = H@y_star = 30.00000000000001
alpha = -1.8760e-16
err_abs(y)$ = 3.876e+00, T = 3.03563
$|| err_rel(y) ||$ = 1.7423e-01
Precision not yet reached.
_________________________________________________________________________________

Iteration 9, 
Mass = H@y_star = 30.00000000000002
alpha = -3.9092e-17
err_abs(y)$ = 2.209e+00, T = 3.04022
$|| err_rel(y) ||$ = 9.8847e-02
Precision not yet reached.
_________________________________________________________________________________

Iteration 10, 
Mass = H@y_star = 30.000000000000004
alpha = -1.2166e-16
err_abs(y)$ = 2.107e+00, T = 3.03920
$|| err_rel(y) ||$ = 9.0868e-02
Precision not yet reached.
_________________________________________________________________________________

Iteration 11, 
Mass = H@y_star = 30.0
alpha = 2.5603e-16
err_abs(y)$ = 9.927e-01, T = 3.03944
$|| err_rel(y) ||$ = 4.2767e-02
Precision not yet reached.
_________________________________________________________________________________

Iteration 12, 
Mass = H@y_star = 30.000000000000014
alpha = 7.8861e-17
err_abs(y)$ = 7.418e-01, T = 3.04512
$|| err_rel(y) ||$ = 3.2075e-02
Precision not yet reached.
_________________________________________________________________________________

Iteration 13, 
Mass = H@y_star = 30.000000000000018
alpha = -3.6603e-16
err_abs(y)$ = 1.126e+00, T = 3.04682
$|| err_rel(y) ||$ = 4.7679e-02
Precision not yet reached.
_________________________________________________________________________________

Iteration 14, 
Mass = H@y_star = 30.000000000000004
alpha = 1.3124e-16
err_abs(y)$ = 5.849e-01, T = 3.04708
$|| err_rel(y) ||$ = 2.4171e-02
Precision not yet reached.
_________________________________________________________________________________

Iteration 15, 
Mass = H@y_star = 30.00000000000001
alpha = 1.0826e-16
err_abs(y)$ = 6.284e-01, T = 3.04856
$|| err_rel(y) ||$ = 2.5375e-02
Precision not yet reached.
_________________________________________________________________________________

Iteration 16, 
Mass = H@y_star = 30.00000000000001
alpha = 4.9546e-16
err_abs(y)$ = 7.112e-01, T = 3.05450
$|| err_rel(y) ||$ = 2.8220e-02
Precision not yet reached.
_________________________________________________________________________________

Iteration 17, 
Mass = H@y_star = 30.00000000000001
alpha = -1.6199e-16
err_abs(y)$ = 3.807e-01, T = 3.06891
$|| err_rel(y) ||$ = 1.5047e-02
Precision not yet reached.
_________________________________________________________________________________

Iteration 18, 
Mass = H@y_star = 30.000000000000014
alpha = 1.4543e-16
err_abs(y)$ = 1.418e+00, T = 3.06869
$|| err_rel(y) ||$ = 5.3256e-02
Precision not yet reached.
_________________________________________________________________________________

Iteration 19, 
Mass = H@y_star = 30.00000000000001
alpha = -2.9056e-16
err_abs(y)$ = 1.144e+00, T = 3.08012
$|| err_rel(y) ||$ = 4.3404e-02
Precision not yet reached.
_________________________________________________________________________________

Iteration 20, 
Mass = H@y_star = 30.0
alpha = -3.2878e-16
err_abs(y)$ = 2.051e+00, T = 3.08543
$|| err_rel(y) ||$ = 7.5155e-02
Precision not yet reached.
_________________________________________________________________________________

Iteration 21, 
Mass = H@y_star = 30.000000000000004
alpha = 3.9167e-16
err_abs(y)$ = 3.003e+00, T = 3.08451
$|| err_rel(y) ||$ = 1.1148e-01
Precision not yet reached.
_________________________________________________________________________________

Iteration 22, 
Mass = H@y_star = 30.000000000000007
alpha = -8.6184e-16
err_abs(y)$ = 2.947e+00, T = 3.09084
$|| err_rel(y) ||$ = 1.1411e-01
Precision not yet reached.
_________________________________________________________________________________

Iteration 23, 
Mass = H@y_star = 29.999999999999993
alpha = 1.1500e-15
err_abs(y)$ = 2.828e+00, T = 3.09155
$|| err_rel(y) ||$ = 1.0080e-01
Precision not yet reached.
_________________________________________________________________________________

Iteration 24, 
Mass = H@y_star = 29.999999999999996
alpha = -7.8942e-16
err_abs(y)$ = 3.901e+00, T = 3.10070
$|| err_rel(y) ||$ = 1.4486e-01
Precision not yet reached.
_________________________________________________________________________________

Iteration 25, 
Mass = H@y_star = 30.00000000000002
alpha = -1.2420e-15
err_abs(y)$ = 4.564e+00, T = 3.10031
$|| err_rel(y) ||$ = 1.7052e-01
Precision not yet reached.
_________________________________________________________________________________

Iteration 26, 
Mass = H@y_star = 30.000000000000007
alpha = 1.5056e-15
err_abs(y)$ = 4.535e+00, T = 3.11359
$|| err_rel(y) ||$ = 1.8105e-01
Precision not yet reached.
_________________________________________________________________________________

Iteration 27, 
Mass = H@y_star = 29.999999999999925
alpha = -2.8824e-15
err_abs(y)$ = 4.352e+00, T = 3.11271
$|| err_rel(y) ||$ = 1.5946e-01
Precision not yet reached.
_________________________________________________________________________________

Iteration 28, 
Mass = H@y_star = 30.0
alpha = 2.4113e-15
err_abs(y)$ = 5.350e+00, T = 3.11528
$|| err_rel(y) ||$ = 2.1020e-01
Precision not yet reached.
_________________________________________________________________________________

Iteration 29, 
Mass = H@y_star = 29.999999999999957
alpha = 3.7759e-15
err_abs(y)$ = 4.908e+00, T = 3.11575
$|| err_rel(y) ||$ = 1.9118e-01
Precision not yet reached.
#-------------------------------------------------------------# 

Computing solution for Intensity I = 1.15
_________________________________________________________________________________

Iteration 0, 
Mass = H@y_star = 29.999999999999957
alpha = 1.1587e-06
err_abs(y)$ = 1.228e+01, T = 3.10416
$|| err_rel(y) ||$ = 6.6499e-01
Precision not yet reached.
_________________________________________________________________________________

Iteration 1, 
Mass = H@y_star = 29.99999999999997
alpha = -1.6313e-10
err_abs(y)$ = 7.428e+00, T = 3.10430
$|| err_rel(y) ||$ = 3.8218e-01
Precision not yet reached.
_________________________________________________________________________________

Iteration 2, 
Mass = H@y_star = 30.00000000000001
alpha = -1.1646e-12
err_abs(y)$ = 8.872e+01, T = 3.09716
$|| err_rel(y) ||$ = 9.9998e-01
Precision not yet reached.
_________________________________________________________________________________

Iteration 3, 
Mass = H@y_star = 29.99999999999998
alpha = 1.4959e-12
err_abs(y)$ = 2.556e+03, T = 3.09633
$|| err_rel(y) ||$ = 1.0000e+00
Abs_Err too large, stopping iteration: Divergence.
Branch continuation stopped due to divergence.
Computing solution for Intensity I = 1.1124999999999998
_________________________________________________________________________________

Iteration 0, 
Mass = H@y_star = 29.999999999999954
alpha = 7.2378e-07
err_abs(y)$ = 4.717e+00, T = 3.10851
$|| err_rel(y) ||$ = 2.2395e-01
Precision not yet reached.
_________________________________________________________________________________

Iteration 1, 
Mass = H@y_star = 29.999999999999964
alpha = 6.7316e-10
err_abs(y)$ = 2.934e+00, T = 3.10758
$|| err_rel(y) ||$ = 1.6061e-01
Precision not yet reached.
_________________________________________________________________________________

Iteration 2, 
Mass = H@y_star = 29.99999999999996
alpha = -9.4877e-12
err_abs(y)$ = 8.663e+00, T = 3.12167
$|| err_rel(y) ||$ = 4.5026e-01
Precision not yet reached.
_________________________________________________________________________________

Iteration 3, 
Mass = H@y_star = 29.999999999999943
alpha = -2.6035e-14
err_abs(y)$ = 3.649e+01, T = 3.11961
$|| err_rel(y) ||$ = 9.7624e-01
Precision not yet reached.
_________________________________________________________________________________

Iteration 4, 
Mass = H@y_star = 29.999999999999947
alpha = 9.4112e-14
err_abs(y)$ = 1.802e+02, T = 3.11733
$|| err_rel(y) ||$ = 1.0000e+00
Abs_Err too large, stopping iteration: Divergence.
Branch continuation stopped due to divergence.
Computing solution for Intensity I = 1.0937499999999998
_________________________________________________________________________________

Iteration 0, 
Mass = H@y_star = 29.999999999999954
alpha = -1.9504e-07
err_abs(y)$ = 2.707e+00, T = 3.11770
$|| err_rel(y) ||$ = 1.1787e-01
Precision not yet reached.
_________________________________________________________________________________

Iteration 1, 
Mass = H@y_star = 29.99999999999996
alpha = 1.4489e-09
err_abs(y)$ = 2.661e+00, T = 3.12513
$|| err_rel(y) ||$ = 1.2243e-01
Precision not yet reached.
_________________________________________________________________________________

Iteration 2, 
Mass = H@y_star = 29.99999999999996
alpha = 1.9388e-12
err_abs(y)$ = 2.273e+00, T = 3.12379
$|| err_rel(y) ||$ = 1.1679e-01
Precision not yet reached.
_________________________________________________________________________________

Iteration 3, 
Mass = H@y_star = 29.99999999999996
alpha = -3.5855e-15
err_abs(y)$ = 3.828e+00, T = 3.12565
$|| err_rel(y) ||$ = 1.9825e-01
Precision not yet reached.
_________________________________________________________________________________

Iteration 4, 
Mass = H@y_star = 29.999999999999947
alpha = -4.5283e-16
err_abs(y)$ = 1.185e+01, T = 3.13407
$|| err_rel(y) ||$ = 5.3743e-01
Precision not yet reached.
_________________________________________________________________________________

Iteration 5, 
Mass = H@y_star = 29.999999999999954
alpha = -1.0872e-14
err_abs(y)$ = 3.095e+01, T = 3.13295
$|| err_rel(y) ||$ = 1.0231e+00
Precision not yet reached.
_________________________________________________________________________________

Iteration 6, 
Mass = H@y_star = 30.00000000000004
alpha = 2.9913e-14
err_abs(y)$ = 5.132e+01, T = 3.12800
$|| err_rel(y) ||$ = 1.1774e+00
Precision not yet reached.
_________________________________________________________________________________

Iteration 7, 
Mass = H@y_star = 29.99999999999967
alpha = -3.4028e-15
err_abs(y)$ = 7.415e+01, T = 3.12600
$|| err_rel(y) ||$ = 1.3978e+00
Precision not yet reached.
_________________________________________________________________________________

Iteration 8, 
Mass = H@y_star = 29.999999999998444
alpha = -4.0938e-13
err_abs(y)$ = 4.435e+01, T = 3.12710
$|| err_rel(y) ||$ = 9.1022e-01
Precision not yet reached.
_________________________________________________________________________________

Iteration 9, 
Mass = H@y_star = 29.999999999998455
alpha = -7.0572e-14
err_abs(y)$ = 6.638e+01, T = 3.12429
$|| err_rel(y) ||$ = 1.4618e+00
Precision not yet reached.
_________________________________________________________________________________

Iteration 10, 
Mass = H@y_star = 29.99999999999708
alpha = -1.6973e-13
err_abs(y)$ = 5.118e+01, T = 3.12238
$|| err_rel(y) ||$ = 1.2369e+00
Precision not yet reached.
_________________________________________________________________________________

Iteration 11, 
Mass = H@y_star = 29.99999999999971
alpha = 2.4611e-15
err_abs(y)$ = 2.604e+01, T = 3.12056
$|| err_rel(y) ||$ = 9.2101e-01
Precision not yet reached.
_________________________________________________________________________________

Iteration 12, 
Mass = H@y_star = 30.000000000003936
alpha = -2.3952e-14
err_abs(y)$ = 8.528e+00, T = 3.11885
$|| err_rel(y) ||$ = 3.0965e-01
Precision not yet reached.
_________________________________________________________________________________

Iteration 13, 
Mass = H@y_star = 30.000000000000952
alpha = 2.8599e-14
err_abs(y)$ = 4.819e+00, T = 3.11717
$|| err_rel(y) ||$ = 1.8334e-01
Precision not yet reached.
_________________________________________________________________________________

Iteration 14, 
Mass = H@y_star = 29.999999999997215
alpha = -3.3132e-15
err_abs(y)$ = 4.357e+00, T = 3.11553
$|| err_rel(y) ||$ = 1.6026e-01
Precision not yet reached.
_________________________________________________________________________________

Iteration 15, 
Mass = H@y_star = 30.000000000003354
alpha = 3.6674e-14
err_abs(y)$ = 3.641e+00, T = 3.11392
$|| err_rel(y) ||$ = 1.3524e-01
Precision not yet reached.
_________________________________________________________________________________

Iteration 16, 
Mass = H@y_star = 30.000000000001155
alpha = 4.0021e-14
err_abs(y)$ = 3.831e+00, T = 3.11235
$|| err_rel(y) ||$ = 1.3727e-01
Precision not yet reached.
_________________________________________________________________________________

Iteration 17, 
Mass = H@y_star = 29.999999999999222
alpha = 2.5410e-14
err_abs(y)$ = 3.988e+00, T = 3.11081
$|| err_rel(y) ||$ = 1.3469e-01
Precision not yet reached.
_________________________________________________________________________________

Iteration 18, 
Mass = H@y_star = 29.999999999997552
alpha = 1.0460e-15
err_abs(y)$ = 4.689e+00, T = 3.10929
$|| err_rel(y) ||$ = 1.6140e-01
Precision not yet reached.
_________________________________________________________________________________

Iteration 19, 
Mass = H@y_star = 29.99999999999984
alpha = 1.3193e-16
err_abs(y)$ = 5.187e+00, T = 3.10778
$|| err_rel(y) ||$ = 1.8482e-01
Precision not yet reached.
_________________________________________________________________________________

Iteration 20, 
Mass = H@y_star = 29.999999999999233
alpha = -3.9835e-15
err_abs(y)$ = 7.159e+00, T = 3.10628
$|| err_rel(y) ||$ = 2.5712e-01
Precision not yet reached.
_________________________________________________________________________________

Iteration 21, 
Mass = H@y_star = 30.00000000000012
alpha = -1.1608e-14
err_abs(y)$ = 7.028e+00, T = 3.10480
$|| err_rel(y) ||$ = 2.4820e-01
Precision not yet reached.
_________________________________________________________________________________

Iteration 22, 
Mass = H@y_star = 29.99999999999978
alpha = -3.0644e-15
err_abs(y)$ = 7.363e+00, T = 3.10332
$|| err_rel(y) ||$ = 3.0161e-01
Precision not yet reached.
_________________________________________________________________________________

Iteration 23, 
Mass = H@y_star = 29.999999999999947
alpha = -6.2215e-16
err_abs(y)$ = 5.964e+00, T = 3.10184
$|| err_rel(y) ||$ = 2.6519e-01
Precision not yet reached.
_________________________________________________________________________________

Iteration 24, 
Mass = H@y_star = 29.999999999999986
alpha = -2.7602e-15
err_abs(y)$ = 3.107e+00, T = 3.10036
$|| err_rel(y) ||$ = 1.6031e-01
Precision not yet reached.
_________________________________________________________________________________

Iteration 25, 
Mass = H@y_star = 29.99999999999991
alpha = -2.3018e-15
err_abs(y)$ = 9.655e+00, T = 3.09888
$|| err_rel(y) ||$ = 4.3268e-01
Precision not yet reached.
_________________________________________________________________________________

Iteration 26, 
Mass = H@y_star = 29.99999999999997
alpha = 9.0637e-14
err_abs(y)$ = 5.144e+01, T = 3.09737
$|| err_rel(y) ||$ = 9.5621e-01
Precision not yet reached.
_________________________________________________________________________________

Iteration 27, 
Mass = H@y_star = 29.999999999999936
alpha = 5.4852e-13
err_abs(y)$ = 7.550e+02, T = 3.09587
$|| err_rel(y) ||$ = 1.0000e+00
Abs_Err too large, stopping iteration: Divergence.
Branch continuation stopped due to divergence.
Computing solution for Intensity I = 1.0843749999999999
_________________________________________________________________________________

Iteration 0, 
Mass = H@y_star = 29.999999999999957
alpha = -7.4739e-07
err_abs(y)$ = 2.531e+00, T = 3.12322
$|| err_rel(y) ||$ = 1.0939e-01
Precision not yet reached.
_________________________________________________________________________________

Iteration 1, 
Mass = H@y_star = 29.999999999999957
alpha = -6.2332e-10
err_abs(y)$ = 3.448e+00, T = 3.12239
$|| err_rel(y) ||$ = 1.6171e-01
Precision not yet reached.
_________________________________________________________________________________

Iteration 2, 
Mass = H@y_star = 29.999999999999954
alpha = 4.3027e-13
err_abs(y)$ = 2.233e+00, T = 3.12308
$|| err_rel(y) ||$ = 1.1299e-01
Precision not yet reached.
_________________________________________________________________________________

Iteration 3, 
Mass = H@y_star = 29.99999999999996
alpha = -1.0925e-14
err_abs(y)$ = 2.597e+00, T = 3.14672
$|| err_rel(y) ||$ = 1.4536e-01
Precision not yet reached.
_________________________________________________________________________________

Iteration 4, 
Mass = H@y_star = 29.999999999999954
alpha = 1.7687e-15
err_abs(y)$ = 2.784e+00, T = 3.14513
$|| err_rel(y) ||$ = 1.5089e-01
Precision not yet reached.
_________________________________________________________________________________

Iteration 5, 
Mass = H@y_star = 29.999999999999957
alpha = 2.3309e-15
err_abs(y)$ = 5.605e+00, T = 3.14410
$|| err_rel(y) ||$ = 2.8316e-01
Precision not yet reached.
_________________________________________________________________________________

Iteration 6, 
Mass = H@y_star = 29.99999999999996
alpha = 1.9436e-15
err_abs(y)$ = 8.151e+00, T = 3.14671
$|| err_rel(y) ||$ = 3.8432e-01
Precision not yet reached.
_________________________________________________________________________________

Iteration 7, 
Mass = H@y_star = 29.999999999999947
alpha = -1.7884e-16
err_abs(y)$ = 1.057e+01, T = 3.14889
$|| err_rel(y) ||$ = 4.6200e-01
Precision not yet reached.
_________________________________________________________________________________

Iteration 8, 
Mass = H@y_star = 29.99999999999999
alpha = 6.3860e-15
err_abs(y)$ = 9.678e+00, T = 3.15047
$|| err_rel(y) ||$ = 3.8080e-01
Precision not yet reached.
_________________________________________________________________________________

Iteration 9, 
Mass = H@y_star = 29.999999999999964
alpha = 2.1203e-15
err_abs(y)$ = 4.859e+00, T = 3.15111
$|| err_rel(y) ||$ = 1.9495e-01
Precision not yet reached.
_________________________________________________________________________________

Iteration 10, 
Mass = H@y_star = 29.999999999999957
alpha = 1.1528e-16
err_abs(y)$ = 1.021e+00, T = 3.15072
$|| err_rel(y) ||$ = 4.1229e-02
Precision not yet reached.
_________________________________________________________________________________

Iteration 11, 
Mass = H@y_star = 29.99999999999995
alpha = -4.5967e-16
err_abs(y)$ = 7.437e-01, T = 3.14759
$|| err_rel(y) ||$ = 3.0127e-02
Precision not yet reached.
_________________________________________________________________________________

Iteration 12, 
Mass = H@y_star = 29.99999999999998
alpha = 1.4307e-15
err_abs(y)$ = 8.665e-01, T = 3.14351
$|| err_rel(y) ||$ = 3.5942e-02
Precision not yet reached.
_________________________________________________________________________________

Iteration 13, 
Mass = H@y_star = 30.000000000000107
alpha = -3.0732e-15
err_abs(y)$ = 1.775e+00, T = 3.14074
$|| err_rel(y) ||$ = 7.7588e-02
Precision not yet reached.
_________________________________________________________________________________

Iteration 14, 
Mass = H@y_star = 29.999999999999993
alpha = -5.9264e-16
err_abs(y)$ = 1.636e+00, T = 3.13896
$|| err_rel(y) ||$ = 6.9426e-02
Precision not yet reached.
_________________________________________________________________________________

Iteration 15, 
Mass = H@y_star = 29.999999999999947
alpha = 1.8691e-16
err_abs(y)$ = 7.225e-01, T = 3.13745
$|| err_rel(y) ||$ = 2.9757e-02
Precision not yet reached.
_________________________________________________________________________________

Iteration 16, 
Mass = H@y_star = 29.99999999999997
alpha = 6.0707e-16
err_abs(y)$ = 5.810e-01, T = 3.13598
$|| err_rel(y) ||$ = 2.3369e-02
Precision not yet reached.
_________________________________________________________________________________

Iteration 17, 
Mass = H@y_star = 29.999999999999954
alpha = 2.2944e-16
err_abs(y)$ = 4.863e-01, T = 3.13453
$|| err_rel(y) ||$ = 1.9185e-02
Precision not yet reached.
_________________________________________________________________________________

Iteration 18, 
Mass = H@y_star = 29.999999999999957
alpha = -1.1058e-16
err_abs(y)$ = 4.631e-01, T = 3.13308
$|| err_rel(y) ||$ = 1.7964e-02
Precision not yet reached.
_________________________________________________________________________________

Iteration 19, 
Mass = H@y_star = 29.999999999999957
alpha = 3.4299e-16
err_abs(y)$ = 6.602e-01, T = 3.13163
$|| err_rel(y) ||$ = 2.5242e-02
Precision not yet reached.
_________________________________________________________________________________

Iteration 20, 
Mass = H@y_star = 29.99999999999997
alpha = 1.0426e-15
err_abs(y)$ = 8.870e-01, T = 3.13019
$|| err_rel(y) ||$ = 3.3550e-02
Precision not yet reached.
_________________________________________________________________________________

Iteration 21, 
Mass = H@y_star = 29.999999999999947
alpha = -1.8699e-16
err_abs(y)$ = 1.129e+00, T = 3.12874
$|| err_rel(y) ||$ = 4.2521e-02
Precision not yet reached.
_________________________________________________________________________________

Iteration 22, 
Mass = H@y_star = 29.999999999999968
alpha = 9.8637e-16
err_abs(y)$ = 1.360e+00, T = 3.12729
$|| err_rel(y) ||$ = 5.1605e-02
Precision not yet reached.
_________________________________________________________________________________

Iteration 23, 
Mass = H@y_star = 29.99999999999995
alpha = 2.4795e-16
err_abs(y)$ = 1.652e+00, T = 3.12586
$|| err_rel(y) ||$ = 6.4385e-02
Precision not yet reached.
_________________________________________________________________________________

Iteration 24, 
Mass = H@y_star = 29.999999999999954
alpha = -1.0591e-15
err_abs(y)$ = 2.033e+00, T = 3.12443
$|| err_rel(y) ||$ = 7.4909e-02
Precision not yet reached.
_________________________________________________________________________________

Iteration 25, 
Mass = H@y_star = 29.99999999999995
alpha = -5.6296e-16
err_abs(y)$ = 2.588e+00, T = 3.12304
$|| err_rel(y) ||$ = 9.1541e-02
Precision not yet reached.
_________________________________________________________________________________

Iteration 26, 
Mass = H@y_star = 29.999999999999954
alpha = -5.5986e-17
err_abs(y)$ = 3.187e+00, T = 3.12168
$|| err_rel(y) ||$ = 1.1225e-01
Precision not yet reached.
_________________________________________________________________________________

Iteration 27, 
Mass = H@y_star = 29.99999999999996
alpha = 4.3794e-16
err_abs(y)$ = 3.867e+00, T = 3.12039
$|| err_rel(y) ||$ = 1.4463e-01
Precision not yet reached.
_________________________________________________________________________________

Iteration 28, 
Mass = H@y_star = 30.000000000000064
alpha = -1.5216e-15
err_abs(y)$ = 4.188e+00, T = 3.11925
$|| err_rel(y) ||$ = 1.4549e-01
Precision not yet reached.
_________________________________________________________________________________

Iteration 29, 
Mass = H@y_star = 29.999999999999943
alpha = 1.1240e-16
err_abs(y)$ = 5.441e+00, T = 3.11851
$|| err_rel(y) ||$ = 1.9422e-01
Precision not yet reached.
#-------------------------------------------------------------# 

Computing solution for Intensity I = 1.0937499999999998
_________________________________________________________________________________

Iteration 0, 
Mass = H@y_star = 29.99999999999992
alpha = -1.2812e-07
err_abs(y)$ = 3.805e+00, T = 3.11979
$|| err_rel(y) ||$ = 1.4073e-01
Precision not yet reached.
_________________________________________________________________________________

Iteration 1, 
Mass = H@y_star = 29.999999999999826
alpha = 4.3585e-10
err_abs(y)$ = 5.378e+00, T = 3.12320
$|| err_rel(y) ||$ = 2.0162e-01
Precision not yet reached.
_________________________________________________________________________________

Iteration 2, 
Mass = H@y_star = 29.999999999999847
alpha = 2.0399e-13
err_abs(y)$ = 5.718e+00, T = 3.12273
$|| err_rel(y) ||$ = 2.3467e-01
Precision not yet reached.
_________________________________________________________________________________

Iteration 3, 
Mass = H@y_star = 29.99999999999995
alpha = -1.5095e-15
err_abs(y)$ = 4.252e+00, T = 3.12627
$|| err_rel(y) ||$ = 1.8774e-01
Precision not yet reached.
_________________________________________________________________________________

Iteration 4, 
Mass = H@y_star = 29.999999999999943
alpha = -2.4877e-16
err_abs(y)$ = 2.682e+00, T = 3.12523
$|| err_rel(y) ||$ = 1.3434e-01
Precision not yet reached.
_________________________________________________________________________________

Iteration 5, 
Mass = H@y_star = 29.999999999999943
alpha = 4.2737e-16
err_abs(y)$ = 4.113e+00, T = 3.12522
$|| err_rel(y) ||$ = 2.1923e-01
Precision not yet reached.
_________________________________________________________________________________

Iteration 6, 
Mass = H@y_star = 29.99999999999993
alpha = -9.8574e-16
err_abs(y)$ = 2.217e+01, T = 3.14786
$|| err_rel(y) ||$ = 8.1551e-01
Precision not yet reached.
_________________________________________________________________________________

Iteration 7, 
Mass = H@y_star = 29.999999999999986
alpha = 1.9685e-14
err_abs(y)$ = 4.069e+01, T = 3.14391
$|| err_rel(y) ||$ = 1.1463e+00
Precision not yet reached.
_________________________________________________________________________________

Iteration 8, 
Mass = H@y_star = 29.999999999999744
alpha = 7.2050e-14
err_abs(y)$ = 9.189e+01, T = 3.14133
$|| err_rel(y) ||$ = 1.0106e+00
Precision not yet reached.
_________________________________________________________________________________

Iteration 9, 
Mass = H@y_star = 30.000000000004597
alpha = -7.3726e-13
err_abs(y)$ = 2.713e+02, T = 3.14035
$|| err_rel(y) ||$ = 9.9998e-01
Abs_Err too large, stopping iteration: Divergence.
Branch continuation stopped due to divergence.
Computing solution for Intensity I = 1.0890624999999998
_________________________________________________________________________________

Iteration 0, 
Mass = H@y_star = 29.99999999999998
alpha = -1.5786e-07
err_abs(y)$ = 4.399e+00, T = 3.12009
$|| err_rel(y) ||$ = 1.6086e-01
Precision not yet reached.
_________________________________________________________________________________

Iteration 1, 
Mass = H@y_star = 29.99999999999986
alpha = 3.0992e-10
err_abs(y)$ = 5.513e+00, T = 3.12205
$|| err_rel(y) ||$ = 2.0608e-01
Precision not yet reached.
_________________________________________________________________________________

Iteration 2, 
Mass = H@y_star = 29.999999999999925
alpha = -1.1786e-13
err_abs(y)$ = 5.441e+00, T = 3.12244
$|| err_rel(y) ||$ = 2.2007e-01
Precision not yet reached.
_________________________________________________________________________________

Iteration 3, 
Mass = H@y_star = 29.999999999999943
alpha = 1.6354e-15
err_abs(y)$ = 3.305e+00, T = 3.13250
$|| err_rel(y) ||$ = 1.4290e-01
Precision not yet reached.
_________________________________________________________________________________

Iteration 4, 
Mass = H@y_star = 29.999999999999943
alpha = 3.1685e-16
err_abs(y)$ = 3.362e+00, T = 3.13121
$|| err_rel(y) ||$ = 1.6054e-01
Precision not yet reached.
_________________________________________________________________________________

Iteration 5, 
Mass = H@y_star = 29.999999999999947
alpha = 4.9650e-16
err_abs(y)$ = 2.734e+00, T = 3.12989
$|| err_rel(y) ||$ = 1.4360e-01
Precision not yet reached.
_________________________________________________________________________________

Iteration 6, 
Mass = H@y_star = 29.99999999999994
alpha = -6.3500e-16
err_abs(y)$ = 6.077e+00, T = 3.12922
$|| err_rel(y) ||$ = 2.9838e-01
Precision not yet reached.
_________________________________________________________________________________

Iteration 7, 
Mass = H@y_star = 29.999999999999943
alpha = 1.0431e-15
err_abs(y)$ = 2.216e+01, T = 3.13206
$|| err_rel(y) ||$ = 8.0344e-01
Precision not yet reached.
_________________________________________________________________________________

Iteration 8, 
Mass = H@y_star = 30.000000000000004
alpha = 1.6105e-14
err_abs(y)$ = 4.994e+01, T = 3.12559
$|| err_rel(y) ||$ = 1.1130e+00
Precision not yet reached.
_________________________________________________________________________________

Iteration 9, 
Mass = H@y_star = 30.000000000000032
alpha = -2.6540e-13
err_abs(y)$ = 9.631e+01, T = 3.12322
$|| err_rel(y) ||$ = 1.0527e+00
Precision not yet reached.
_________________________________________________________________________________

Iteration 10, 
Mass = H@y_star = 30.00000000000245
alpha = 3.8022e-13
err_abs(y)$ = 1.585e+02, T = 3.12202
$|| err_rel(y) ||$ = 1.0443e+00
Abs_Err too large, stopping iteration: Divergence.
Branch continuation stopped due to divergence.
Computing solution for Intensity I = 1.0867187499999997
_________________________________________________________________________________

Iteration 0, 
Mass = H@y_star = 29.999999999999957
alpha = -1.7072e-07
err_abs(y)$ = 4.697e+00, T = 3.12022
$|| err_rel(y) ||$ = 1.7096e-01
Precision not yet reached.
_________________________________________________________________________________

Iteration 1, 
Mass = H@y_star = 29.999999999999822
alpha = 2.6048e-10
err_abs(y)$ = 5.543e+00, T = 3.12175
$|| err_rel(y) ||$ = 2.0739e-01
Precision not yet reached.
_________________________________________________________________________________

Iteration 2, 
Mass = H@y_star = 30.000000000000185
alpha = -2.7288e-13
err_abs(y)$ = 5.233e+00, T = 3.12280
$|| err_rel(y) ||$ = 2.1050e-01
Precision not yet reached.
_________________________________________________________________________________

Iteration 3, 
Mass = H@y_star = 29.999999999999936
alpha = 1.0012e-15
err_abs(y)$ = 4.392e+00, T = 3.12443
$|| err_rel(y) ||$ = 1.8831e-01
Precision not yet reached.
_________________________________________________________________________________

Iteration 4, 
Mass = H@y_star = 29.99999999999995
alpha = -1.8255e-16
err_abs(y)$ = 2.745e+00, T = 3.12411
$|| err_rel(y) ||$ = 1.3330e-01
Precision not yet reached.
_________________________________________________________________________________

Iteration 5, 
Mass = H@y_star = 29.999999999999932
alpha = 2.2009e-16
err_abs(y)$ = 2.210e+00, T = 3.13823
$|| err_rel(y) ||$ = 1.1307e-01
Precision not yet reached.
_________________________________________________________________________________

Iteration 6, 
Mass = H@y_star = 29.999999999999943
alpha = -6.8070e-16
err_abs(y)$ = 3.784e+00, T = 3.13719
$|| err_rel(y) ||$ = 2.0505e-01
Precision not yet reached.
_________________________________________________________________________________

Iteration 7, 
Mass = H@y_star = 29.99999999999995
alpha = 1.3818e-15
err_abs(y)$ = 1.002e+01, T = 3.13849
$|| err_rel(y) ||$ = 4.5204e-01
Precision not yet reached.
_________________________________________________________________________________

Iteration 8, 
Mass = H@y_star = 29.999999999999947
alpha = -2.5955e-16
err_abs(y)$ = 2.458e+01, T = 3.14015
$|| err_rel(y) ||$ = 8.3261e-01
Precision not yet reached.
_________________________________________________________________________________

Iteration 9, 
Mass = H@y_star = 29.999999999999964
alpha = -2.8008e-14
err_abs(y)$ = 3.749e+01, T = 3.13931
$|| err_rel(y) ||$ = 9.9028e-01
Precision not yet reached.
_________________________________________________________________________________

Iteration 10, 
Mass = H@y_star = 29.99999999999952
alpha = -7.0826e-14
err_abs(y)$ = 4.418e+01, T = 3.14176
$|| err_rel(y) ||$ = 1.0703e+00
Precision not yet reached.
_________________________________________________________________________________

Iteration 11, 
Mass = H@y_star = 29.999999999999993
alpha = 2.1349e-15
err_abs(y)$ = 6.393e+00, T = 3.14006
$|| err_rel(y) ||$ = 1.4011e-01
Precision not yet reached.
_________________________________________________________________________________

Iteration 12, 
Mass = H@y_star = 29.999999999999083
alpha = -9.8440e-14
err_abs(y)$ = 3.158e+01, T = 3.13688
$|| err_rel(y) ||$ = 9.6029e-01
Precision not yet reached.
_________________________________________________________________________________

Iteration 13, 
Mass = H@y_star = 29.999999999999496
alpha = -1.0686e-13
err_abs(y)$ = 1.967e+01, T = 3.13498
$|| err_rel(y) ||$ = 7.0264e-01
Precision not yet reached.
_________________________________________________________________________________

Iteration 14, 
Mass = H@y_star = 29.99999999999925
alpha = 5.4475e-14
err_abs(y)$ = 8.260e+00, T = 3.13292
$|| err_rel(y) ||$ = 3.3785e-01
Precision not yet reached.
_________________________________________________________________________________

Iteration 15, 
Mass = H@y_star = 29.999999999999062
alpha = -5.6000e-15
err_abs(y)$ = 5.515e+00, T = 3.13102
$|| err_rel(y) ||$ = 2.2044e-01
Precision not yet reached.
_________________________________________________________________________________

Iteration 16, 
Mass = H@y_star = 29.999999999999943
alpha = 8.0918e-15
err_abs(y)$ = 4.256e+00, T = 3.12924
$|| err_rel(y) ||$ = 1.6286e-01
Precision not yet reached.
_________________________________________________________________________________

Iteration 17, 
Mass = H@y_star = 29.999999999999474
alpha = -5.3668e-16
err_abs(y)$ = 3.242e+00, T = 3.12751
$|| err_rel(y) ||$ = 1.2156e-01
Precision not yet reached.
_________________________________________________________________________________

Iteration 18, 
Mass = H@y_star = 29.999999999999655
alpha = -1.4623e-14
err_abs(y)$ = 2.445e+00, T = 3.12581
$|| err_rel(y) ||$ = 9.1088e-02
Precision not yet reached.
_________________________________________________________________________________

Iteration 19, 
Mass = H@y_star = 29.99999999999956
alpha = -8.9396e-15
err_abs(y)$ = 1.875e+00, T = 3.12413
$|| err_rel(y) ||$ = 7.0111e-02
Precision not yet reached.
_________________________________________________________________________________

Iteration 20, 
Mass = H@y_star = 30.00000000000084
alpha = -1.6597e-14
err_abs(y)$ = 1.613e+00, T = 3.12246
$|| err_rel(y) ||$ = 6.1269e-02
Precision not yet reached.
_________________________________________________________________________________

Iteration 21, 
Mass = H@y_star = 30.000000000001016
alpha = 4.0353e-15
err_abs(y)$ = 1.844e+00, T = 3.12082
$|| err_rel(y) ||$ = 7.2479e-02
Precision not yet reached.
_________________________________________________________________________________

Iteration 22, 
Mass = H@y_star = 29.999999999998785
alpha = 1.9821e-14
err_abs(y)$ = 2.090e+00, T = 3.11920
$|| err_rel(y) ||$ = 7.7252e-02
Precision not yet reached.
_________________________________________________________________________________

Iteration 23, 
Mass = H@y_star = 30.000000000000725
alpha = -1.9360e-14
err_abs(y)$ = 2.721e+00, T = 3.11760
$|| err_rel(y) ||$ = 9.5200e-02
Precision not yet reached.
_________________________________________________________________________________

Iteration 24, 
Mass = H@y_star = 29.999999999999748
alpha = 2.8235e-15
err_abs(y)$ = 3.616e+00, T = 3.11603
$|| err_rel(y) ||$ = 1.2465e-01
Precision not yet reached.
_________________________________________________________________________________

Iteration 25, 
Mass = H@y_star = 29.999999999999808
alpha = 3.2796e-15
err_abs(y)$ = 4.392e+00, T = 3.11447
$|| err_rel(y) ||$ = 1.6055e-01
Precision not yet reached.
_________________________________________________________________________________

Iteration 26, 
Mass = H@y_star = 29.99999999999973
alpha = 3.4317e-15
err_abs(y)$ = 4.646e+00, T = 3.11292
$|| err_rel(y) ||$ = 1.6105e-01
Precision not yet reached.
_________________________________________________________________________________

Iteration 27, 
Mass = H@y_star = 29.9999999999999
alpha = 2.3665e-15
err_abs(y)$ = 6.053e+00, T = 3.11138
$|| err_rel(y) ||$ = 2.2118e-01
Precision not yet reached.
_________________________________________________________________________________

Iteration 28, 
Mass = H@y_star = 29.99999999999985
alpha = 2.0620e-15
err_abs(y)$ = 5.871e+00, T = 3.10984
$|| err_rel(y) ||$ = 2.0908e-01
Precision not yet reached.
_________________________________________________________________________________

Iteration 29, 
Mass = H@y_star = 30.00000000000006
alpha = -3.2693e-15
err_abs(y)$ = 6.946e+00, T = 3.10831
$|| err_rel(y) ||$ = 2.7979e-01
Precision not yet reached.
#-------------------------------------------------------------# 

Computing solution for Intensity I = 1.0890624999999998
_________________________________________________________________________________

Iteration 0, 
Mass = H@y_star = 30.000000000000075
alpha = 1.5322e-07
err_abs(y)$ = 5.320e+00, T = 3.10678
$|| err_rel(y) ||$ = 2.2167e-01
Precision not yet reached.
_________________________________________________________________________________

Iteration 1, 
Mass = H@y_star = 30.00000000000006
alpha = 2.3551e-10
err_abs(y)$ = 3.567e+00, T = 3.10524
$|| err_rel(y) ||$ = 1.7208e-01
Precision not yet reached.
_________________________________________________________________________________

Iteration 2, 
Mass = H@y_star = 30.00000000000005
alpha = 3.6355e-13
err_abs(y)$ = 3.341e+00, T = 3.10370
$|| err_rel(y) ||$ = 1.7575e-01
Precision not yet reached.
_________________________________________________________________________________

Iteration 3, 
Mass = H@y_star = 30.000000000000046
alpha = -7.3246e-15
err_abs(y)$ = 1.350e+01, T = 3.10218
$|| err_rel(y) ||$ = 6.0263e-01
Precision not yet reached.
_________________________________________________________________________________

Iteration 4, 
Mass = H@y_star = 30.0000000000001
alpha = 3.9859e-14
err_abs(y)$ = 4.344e+01, T = 3.10053
$|| err_rel(y) ||$ = 1.0794e+00
Precision not yet reached.
_________________________________________________________________________________

Iteration 5, 
Mass = H@y_star = 30.00000000000007
alpha = 3.5565e-13
err_abs(y)$ = 1.249e+02, T = 3.09881
$|| err_rel(y) ||$ = 1.0033e+00
Abs_Err too large, stopping iteration: Divergence.
Branch continuation stopped due to divergence.
Computing solution for Intensity I = 1.0878906249999998
_________________________________________________________________________________

Iteration 0, 
Mass = H@y_star = 30.00000000000011
alpha = 1.5320e-07
err_abs(y)$ = 5.474e+00, T = 3.10678
$|| err_rel(y) ||$ = 2.2752e-01
Precision not yet reached.
_________________________________________________________________________________

Iteration 1, 
Mass = H@y_star = 30.000000000000064
alpha = 2.3546e-10
err_abs(y)$ = 3.565e+00, T = 3.10524
$|| err_rel(y) ||$ = 1.7176e-01
Precision not yet reached.
_________________________________________________________________________________

Iteration 2, 
Mass = H@y_star = 30.000000000000068
alpha = 3.6477e-13
err_abs(y)$ = 3.234e+00, T = 3.10370
$|| err_rel(y) ||$ = 1.6974e-01
Precision not yet reached.
_________________________________________________________________________________

Iteration 3, 
Mass = H@y_star = 30.00000000000005
alpha = 7.6653e-16
err_abs(y)$ = 1.213e+01, T = 3.10218
$|| err_rel(y) ||$ = 5.5626e-01
Precision not yet reached.
_________________________________________________________________________________

Iteration 4, 
Mass = H@y_star = 30.000000000000046
alpha = 2.9779e-14
err_abs(y)$ = 4.130e+01, T = 3.10056
$|| err_rel(y) ||$ = 9.9348e-01
Precision not yet reached.
_________________________________________________________________________________

Iteration 5, 
Mass = H@y_star = 29.999999999999968
alpha = 6.1235e-14
err_abs(y)$ = 9.923e+01, T = 3.09870
$|| err_rel(y) ||$ = 1.0064e+00
Precision not yet reached.
_________________________________________________________________________________

Iteration 6, 
Mass = H@y_star = 30.000000000003062
alpha = -1.8717e-12
err_abs(y)$ = 4.864e+02, T = 3.09797
$|| err_rel(y) ||$ = 9.8737e-01
Abs_Err too large, stopping iteration: Divergence.
Branch continuation stopped due to divergence.
Computing solution for Intensity I = 1.0873046874999999
_________________________________________________________________________________

Iteration 0, 
Mass = H@y_star = 29.99999999999997
alpha = 1.5319e-07
err_abs(y)$ = 5.552e+00, T = 3.10678
$|| err_rel(y) ||$ = 2.3051e-01
Precision not yet reached.
_________________________________________________________________________________

Iteration 1, 
Mass = H@y_star = 30.00000000000006
alpha = 2.3544e-10
err_abs(y)$ = 3.564e+00, T = 3.10524
$|| err_rel(y) ||$ = 1.7158e-01
Precision not yet reached.
_________________________________________________________________________________

Iteration 2, 
Mass = H@y_star = 30.000000000000107
alpha = 3.6332e-13
err_abs(y)$ = 3.182e+00, T = 3.10370
$|| err_rel(y) ||$ = 1.6691e-01
Precision not yet reached.
_________________________________________________________________________________

Iteration 3, 
Mass = H@y_star = 30.000000000000053
alpha = -3.8943e-15
err_abs(y)$ = 1.138e+01, T = 3.10218
$|| err_rel(y) ||$ = 5.1931e-01
Precision not yet reached.
_________________________________________________________________________________

Iteration 4, 
Mass = H@y_star = 30.000000000000085
alpha = 2.6645e-14
err_abs(y)$ = 3.904e+01, T = 3.10059
$|| err_rel(y) ||$ = 9.8559e-01
Precision not yet reached.
_________________________________________________________________________________

Iteration 5, 
Mass = H@y_star = 30.000000000000288
alpha = 7.4550e-14
err_abs(y)$ = 9.410e+01, T = 3.09867
$|| err_rel(y) ||$ = 1.0113e+00
Precision not yet reached.
_________________________________________________________________________________

Iteration 6, 
Mass = H@y_star = 29.99999999999861
alpha = -1.7685e-12
err_abs(y)$ = 3.517e+02, T = 3.09783
$|| err_rel(y) ||$ = 9.8819e-01
Abs_Err too large, stopping iteration: Divergence.
Branch continuation stopped due to divergence.
Computing solution for Intensity I = 1.08701171875
_________________________________________________________________________________

Iteration 0, 
Mass = H@y_star = 30.000000000000142
alpha = 1.5318e-07
err_abs(y)$ = 5.591e+00, T = 3.10678
$|| err_rel(y) ||$ = 2.3201e-01
Precision not yet reached.
_________________________________________________________________________________

Iteration 1, 
Mass = H@y_star = 30.000000000000057
alpha = 2.3543e-10
err_abs(y)$ = 3.563e+00, T = 3.10524
$|| err_rel(y) ||$ = 1.7149e-01
Precision not yet reached.
_________________________________________________________________________________

Iteration 2, 
Mass = H@y_star = 30.000000000000057
alpha = 3.6326e-13
err_abs(y)$ = 3.157e+00, T = 3.10370
$|| err_rel(y) ||$ = 1.6554e-01
Precision not yet reached.
_________________________________________________________________________________

Iteration 3, 
Mass = H@y_star = 30.00000000000008
alpha = -2.1169e-15
err_abs(y)$ = 1.100e+01, T = 3.10218
$|| err_rel(y) ||$ = 5.0123e-01
Precision not yet reached.
_________________________________________________________________________________

Iteration 4, 
Mass = H@y_star = 30.000000000000064
alpha = -1.4638e-14
err_abs(y)$ = 3.719e+01, T = 3.10060
$|| err_rel(y) ||$ = 9.8130e-01
Precision not yet reached.
_________________________________________________________________________________

Iteration 5, 
Mass = H@y_star = 30.000000000000043
alpha = 7.7618e-14
err_abs(y)$ = 8.107e+01, T = 3.09864
$|| err_rel(y) ||$ = 1.0109e+00
Precision not yet reached.
_________________________________________________________________________________

Iteration 6, 
Mass = H@y_star = 30.000000000000927
alpha = 5.3440e-13
err_abs(y)$ = 3.007e+02, T = 3.09745
$|| err_rel(y) ||$ = 1.0110e+00
Abs_Err too large, stopping iteration: Divergence.
Branch continuation stopped due to divergence.
Computing solution for Intensity I = 1.0868652343749998
_________________________________________________________________________________

Iteration 0, 
Mass = H@y_star = 30.000000000000092
alpha = 1.5318e-07
err_abs(y)$ = 5.611e+00, T = 3.10678
$|| err_rel(y) ||$ = 2.3277e-01
Precision not yet reached.
_________________________________________________________________________________

Iteration 1, 
Mass = H@y_star = 30.00000000000005
alpha = 2.3543e-10
err_abs(y)$ = 3.562e+00, T = 3.10524
$|| err_rel(y) ||$ = 1.7144e-01
Precision not yet reached.
_________________________________________________________________________________

Iteration 2, 
Mass = H@y_star = 30.00000000000004
alpha = 3.6101e-13
err_abs(y)$ = 3.145e+00, T = 3.10370
$|| err_rel(y) ||$ = 1.6486e-01
Precision not yet reached.
_________________________________________________________________________________

Iteration 3, 
Mass = H@y_star = 30.000000000000064
alpha = 3.6763e-16
err_abs(y)$ = 1.081e+01, T = 3.10218
$|| err_rel(y) ||$ = 4.9230e-01
Precision not yet reached.
_________________________________________________________________________________

Iteration 4, 
Mass = H@y_star = 30.000000000000068
alpha = 5.7120e-15
err_abs(y)$ = 3.611e+01, T = 3.10060
$|| err_rel(y) ||$ = 9.7900e-01
Precision not yet reached.
_________________________________________________________________________________

Iteration 5, 
Mass = H@y_star = 30.000000000000135
alpha = -1.4591e-13
err_abs(y)$ = 7.952e+01, T = 3.09863
$|| err_rel(y) ||$ = 1.0384e+00
Precision not yet reached.
_________________________________________________________________________________

Iteration 6, 
Mass = H@y_star = 29.99999999999866
alpha = 4.6726e-13
err_abs(y)$ = 2.542e+02, T = 3.09754
$|| err_rel(y) ||$ = 9.9319e-01
Abs_Err too large, stopping iteration: Divergence.
Branch continuation stopped due to divergence.
Running on node: phlam-s-sakura.univ-lille1.fr
MemTotal:       264626640 kB
